Component: ARM Compiler 5.06 update 5 (build 528) Tool: armlink [4d35e2]

==============================================================================

Section Cross References

    startup_stm32g431xx.o(RESET) refers to startup_stm32g431xx.o(STACK) for __initial_sp
    startup_stm32g431xx.o(RESET) refers to startup_stm32g431xx.o(.text) for Reset_Handler
    startup_stm32g431xx.o(RESET) refers to stm32g4xx_it.o(i.NMI_Handler) for NMI_Handler
    startup_stm32g431xx.o(RESET) refers to stm32g4xx_it.o(i.HardFault_Handler) for HardFault_Handler
    startup_stm32g431xx.o(RESET) refers to stm32g4xx_it.o(i.MemManage_Handler) for MemManage_Handler
    startup_stm32g431xx.o(RESET) refers to stm32g4xx_it.o(i.BusFault_Handler) for BusFault_Handler
    startup_stm32g431xx.o(RESET) refers to stm32g4xx_it.o(i.UsageFault_Handler) for UsageFault_Handler
    startup_stm32g431xx.o(RESET) refers to stm32g4xx_it.o(i.SVC_Handler) for SVC_Handler
    startup_stm32g431xx.o(RESET) refers to stm32g4xx_it.o(i.DebugMon_Handler) for DebugMon_Handler
    startup_stm32g431xx.o(RESET) refers to stm32g4xx_it.o(i.PendSV_Handler) for PendSV_Handler
    startup_stm32g431xx.o(RESET) refers to stm32g4xx_it.o(i.SysTick_Handler) for SysTick_Handler
    startup_stm32g431xx.o(RESET) refers to stm32g4xx_it.o(i.DMA1_Channel1_IRQHandler) for DMA1_Channel1_IRQHandler
    startup_stm32g431xx.o(RESET) refers to stm32g4xx_it.o(i.DMA1_Channel2_IRQHandler) for DMA1_Channel2_IRQHandler
    startup_stm32g431xx.o(RESET) refers to stm32g4xx_it.o(i.ADC1_2_IRQHandler) for ADC1_2_IRQHandler
    startup_stm32g431xx.o(RESET) refers to stm32g4xx_it.o(i.FDCAN1_IT0_IRQHandler) for FDCAN1_IT0_IRQHandler
    startup_stm32g431xx.o(RESET) refers to stm32g4xx_it.o(i.USART1_IRQHandler) for USART1_IRQHandler
    startup_stm32g431xx.o(RESET) refers to stm32g4xx_it.o(i.TIM7_IRQHandler) for TIM7_IRQHandler
    startup_stm32g431xx.o(.text) refers to system_stm32g4xx.o(i.SystemInit) for SystemInit
    startup_stm32g431xx.o(.text) refers to entry.o(.ARM.Collect$$$$00000000) for __main
    main.o(i.SystemClock_Config) refers to memseta.o(.text) for __aeabi_memclr4
    main.o(i.SystemClock_Config) refers to stm32g4xx_hal_pwr_ex.o(i.HAL_PWREx_ControlVoltageScaling) for HAL_PWREx_ControlVoltageScaling
    main.o(i.SystemClock_Config) refers to stm32g4xx_hal_rcc.o(i.HAL_RCC_OscConfig) for HAL_RCC_OscConfig
    main.o(i.SystemClock_Config) refers to main.o(i.Error_Handler) for Error_Handler
    main.o(i.SystemClock_Config) refers to stm32g4xx_hal_rcc.o(i.HAL_RCC_ClockConfig) for HAL_RCC_ClockConfig
    main.o(i.main) refers to stm32g4xx_hal.o(i.HAL_Init) for HAL_Init
    main.o(i.main) refers to main.o(i.SystemClock_Config) for SystemClock_Config
    main.o(i.main) refers to gpio.o(i.MX_GPIO_Init) for MX_GPIO_Init
    main.o(i.main) refers to dma.o(i.MX_DMA_Init) for MX_DMA_Init
    main.o(i.main) refers to adc.o(i.MX_ADC1_Init) for MX_ADC1_Init
    main.o(i.main) refers to spi.o(i.MX_SPI1_Init) for MX_SPI1_Init
    main.o(i.main) refers to tim.o(i.MX_TIM1_Init) for MX_TIM1_Init
    main.o(i.main) refers to usart.o(i.MX_USART1_UART_Init) for MX_USART1_UART_Init
    main.o(i.main) refers to cordic.o(i.MX_CORDIC_Init) for MX_CORDIC_Init
    main.o(i.main) refers to fdcan.o(i.MX_FDCAN1_Init) for MX_FDCAN1_Init
    main.o(i.main) refers to tim.o(i.MX_TIM7_Init) for MX_TIM7_Init
    main.o(i.main) refers to stm32g4xx_hal.o(i.HAL_Delay) for HAL_Delay
    main.o(i.main) refers to start.o(i.Enable_IT) for Enable_IT
    main.o(i.main) refers to mt6701.o(i.MT6701_ReadRaw) for MT6701_ReadRaw
    main.o(i.main) refers to main.o(.bss) for encoder_str
    gpio.o(i.MX_GPIO_Init) refers to memseta.o(.text) for __aeabi_memclr4
    gpio.o(i.MX_GPIO_Init) refers to stm32g4xx_hal_gpio.o(i.HAL_GPIO_WritePin) for HAL_GPIO_WritePin
    gpio.o(i.MX_GPIO_Init) refers to stm32g4xx_hal_gpio.o(i.HAL_GPIO_Init) for HAL_GPIO_Init
    adc.o(i.HAL_ADC_MspDeInit) refers to stm32g4xx_hal_gpio.o(i.HAL_GPIO_DeInit) for HAL_GPIO_DeInit
    adc.o(i.HAL_ADC_MspDeInit) refers to stm32g4xx_hal_cortex.o(i.HAL_NVIC_DisableIRQ) for HAL_NVIC_DisableIRQ
    adc.o(i.HAL_ADC_MspInit) refers to memseta.o(.text) for __aeabi_memclr4
    adc.o(i.HAL_ADC_MspInit) refers to stm32g4xx_hal_rcc_ex.o(i.HAL_RCCEx_PeriphCLKConfig) for HAL_RCCEx_PeriphCLKConfig
    adc.o(i.HAL_ADC_MspInit) refers to main.o(i.Error_Handler) for Error_Handler
    adc.o(i.HAL_ADC_MspInit) refers to stm32g4xx_hal_gpio.o(i.HAL_GPIO_Init) for HAL_GPIO_Init
    adc.o(i.HAL_ADC_MspInit) refers to stm32g4xx_hal_cortex.o(i.HAL_NVIC_SetPriority) for HAL_NVIC_SetPriority
    adc.o(i.HAL_ADC_MspInit) refers to stm32g4xx_hal_cortex.o(i.HAL_NVIC_EnableIRQ) for HAL_NVIC_EnableIRQ
    adc.o(i.MX_ADC1_Init) refers to memseta.o(.text) for __aeabi_memclr4
    adc.o(i.MX_ADC1_Init) refers to stm32g4xx_hal_adc.o(i.HAL_ADC_Init) for HAL_ADC_Init
    adc.o(i.MX_ADC1_Init) refers to main.o(i.Error_Handler) for Error_Handler
[...]
    i.MX_GPIO_Init                           0x08006ab8   Section        0  gpio.o(i.MX_GPIO_Init)
    i.MX_SPI1_Init                           0x08006b84   Section        0  spi.o(i.MX_SPI1_Init)
    i.MX_TIM1_Init                           0x08006bd4   Section        0  tim.o(i.MX_TIM1_Init)
    i.MX_TIM7_Init                           0x08006d10   Section        0  tim.o(i.MX_TIM7_Init)
    i.MX_USART1_UART_Init                    0x08006d5c   Section        0  usart.o(i.MX_USART1_UART_Init)
    i.MemManage_Handler                      0x08006dc8   Section        0  stm32g4xx_it.o(i.MemManage_Handler)
    i.Mode_Task                              0x08006dcc   Section        0  motor.o(i.Mode_Task)
    i.Motor_Seletct                          0x08007140   Section        0  motor.o(i.Motor_Seletct)
    i.My_Task                                0x0800767c   Section        0  motor.o(i.My_Task)
    i.NMI_Handler                            0x080076cc   Section        0  stm32g4xx_it.o(i.NMI_Handler)
    i.PID_I_Control                          0x080076d0   Section        0  pid.o(i.PID_I_Control)
    i.PID_Position_Control                   0x0800794c   Section        0  pid.o(i.PID_Position_Control)
    i.PID_Speed_Control                      0x08007adc   Section        0  pid.o(i.PID_Speed_Control)
    i.PendSV_Handler                         0x08007cc0   Section        0  stm32g4xx_it.o(i.PendSV_Handler)
    i.Planner_Position_Init                  0x08007cc2   Section        0  pid.o(i.Planner_Position_Init)
    i.Planner_Position_Update                0x08007cd4   Section        0  pid.o(i.Planner_Position_Update)
    i.Planner_Speed_Init                     0x08007d68   Section        0  pid.o(i.Planner_Speed_Init)
    i.Planner_Speed_Update                   0x08007d7c   Section        0  pid.o(i.Planner_Speed_Update)
    i.RCC_GetSysClockFreqFromPLLSource       0x08007e20   Section        0  stm32g4xx_hal_rcc.o(i.RCC_GetSysClockFreqFromPLLSource)
    RCC_GetSysClockFreqFromPLLSource         0x08007e21   Thumb Code    90  stm32g4xx_hal_rcc.o(i.RCC_GetSysClockFreqFromPLLSource)
    i.SPI_EndRxTxTransaction                 0x08007e88   Section        0  stm32g4xx_hal_spi.o(i.SPI_EndRxTxTransaction)
    SPI_EndRxTxTransaction                   0x08007e89   Thumb Code   100  stm32g4xx_hal_spi.o(i.SPI_EndRxTxTransaction)
    i.SPI_WaitFifoStateUntilTimeout          0x08007eec   Section        0  stm32g4xx_hal_spi.o(i.SPI_WaitFifoStateUntilTimeout)
    SPI_WaitFifoStateUntilTimeout            0x08007eed   Thumb Code   242  stm32g4xx_hal_spi.o(i.SPI_WaitFifoStateUntilTimeout)
    i.SPI_WaitFlagStateUntilTimeout          0x08007fe4   Section        0  stm32g4xx_hal_spi.o(i.SPI_WaitFlagStateUntilTimeout)
    SPI_WaitFlagStateUntilTimeout            0x08007fe5   Thumb Code   210  stm32g4xx_hal_spi.o(i.SPI_WaitFlagStateUntilTimeout)
    i.SVC_Handler                            0x080080bc   Section        0  stm32g4xx_it.o(i.SVC_Handler)
    i.SVPWM_Zero                             0x080080c0   Section        0  foc.o(i.SVPWM_Zero)
    i.SysTick_Handler                        0x08008244   Section        0  stm32g4xx_it.o(i.SysTick_Handler)
    i.SystemClock_Config                     0x0800824c   Section        0  main.o(i.SystemClock_Config)
    i.SystemInit                             0x080082b8   Section        0  system_stm32g4xx.o(i.SystemInit)
    i.TIM7_IRQHandler                        0x080082cc   Section        0  stm32g4xx_it.o(i.TIM7_IRQHandler)
    i.TIM_Base_SetConfig                     0x080082dc   Section        0  stm32g4xx_hal_tim.o(i.TIM_Base_SetConfig)
    i.TIM_CCxChannelCmd                      0x080083a8   Section        0  stm32g4xx_hal_tim.o(i.TIM_CCxChannelCmd)
    i.TIM_CCxNChannelCmd                     0x080083ca   Section        0  stm32g4xx_hal_tim_ex.o(i.TIM_CCxNChannelCmd)
    TIM_CCxNChannelCmd                       0x080083cb   Thumb Code    34  stm32g4xx_hal_tim_ex.o(i.TIM_CCxNChannelCmd)
    i.TIM_ETR_SetConfig                      0x080083ec   Section        0  stm32g4xx_hal_tim.o(i.TIM_ETR_SetConfig)
    i.TIM_ITRx_SetConfig                     0x08008404   Section        0  stm32g4xx_hal_tim.o(i.TIM_ITRx_SetConfig)
    TIM_ITRx_SetConfig                       0x08008405   Thumb Code    18  stm32g4xx_hal_tim.o(i.TIM_ITRx_SetConfig)
    i.TIM_OC1_SetConfig                      0x0800841c   Section        0  stm32g4xx_hal_tim.o(i.TIM_OC1_SetConfig)
    TIM_OC1_SetConfig                        0x0800841d   Thumb Code   146  stm32g4xx_hal_tim.o(i.TIM_OC1_SetConfig)
    i.TIM_OC2_SetConfig                      0x080084c8   Section        0  stm32g4xx_hal_tim.o(i.TIM_OC2_SetConfig)
    i.TIM_OC3_SetConfig                      0x0800857c   Section        0  stm32g4xx_hal_tim.o(i.TIM_OC3_SetConfig)
    TIM_OC3_SetConfig                        0x0800857d   Thumb Code   154  stm32g4xx_hal_tim.o(i.TIM_OC3_SetConfig)
    i.TIM_OC4_SetConfig                      0x08008630   Section        0  stm32g4xx_hal_tim.o(i.TIM_OC4_SetConfig)
    TIM_OC4_SetConfig                        0x08008631   Thumb Code   156  stm32g4xx_hal_tim.o(i.TIM_OC4_SetConfig)
    i.TIM_OC5_SetConfig                      0x080086e4   Section        0  stm32g4xx_hal_tim.o(i.TIM_OC5_SetConfig)
    TIM_OC5_SetConfig                        0x080086e5   Thumb Code    86  stm32g4xx_hal_tim.o(i.TIM_OC5_SetConfig)
    i.TIM_OC6_SetConfig                      0x08008754   Section        0  stm32g4xx_hal_tim.o(i.TIM_OC6_SetConfig)
    TIM_OC6_SetConfig                        0x08008755   Thumb Code    88  stm32g4xx_hal_tim.o(i.TIM_OC6_SetConfig)
    i.TIM_TI1_ConfigInputStage               0x080087c4   Section        0  stm32g4xx_hal_tim.o(i.TIM_TI1_ConfigInputStage)
    TIM_TI1_ConfigInputStage                 0x080087c5   Thumb Code    38  stm32g4xx_hal_tim.o(i.TIM_TI1_ConfigInputStage)
    i.TIM_TI2_ConfigInputStage               0x080087ea   Section        0  stm32g4xx_hal_tim.o(i.TIM_TI2_ConfigInputStage)
    TIM_TI2_ConfigInputStage                 0x080087eb   Thumb Code    40  stm32g4xx_hal_tim.o(i.TIM_TI2_ConfigInputStage)
    i.UARTEx_SetNbDataToProcess              0x08008814   Section        0  stm32g4xx_hal_uart_ex.o(i.UARTEx_SetNbDataToProcess)
    UARTEx_SetNbDataToProcess                0x08008815   Thumb Code    78  stm32g4xx_hal_uart_ex.o(i.UARTEx_SetNbDataToProcess)
    i.UART_AdvFeatureConfig                  0x0800886c   Section        0  stm32g4xx_hal_uart.o(i.UART_AdvFeatureConfig)
    i.UART_CheckIdleState                    0x08008964   Section        0  stm32g4xx_hal_uart.o(i.UART_CheckIdleState)
    i.UART_DMAAbortOnError                   0x08008a4e   Section        0  stm32g4xx_hal_uart.o(i.UART_DMAAbortOnError)
    UART_DMAAbortOnError                     0x08008a4f   Thumb Code    24  stm32g4xx_hal_uart.o(i.UART_DMAAbortOnError)
    i.UART_DMAError                          0x08008a66   Section        0  stm32g4xx_hal_uart.o(i.UART_DMAError)
    UART_DMAError                            0x08008a67   Thumb Code    94  stm32g4xx_hal_uart.o(i.UART_DMAError)
    i.UART_DMAReceiveCplt                    0x08008ac4   Section        0  stm32g4xx_hal_uart.o(i.UART_DMAReceiveCplt)
    UART_DMAReceiveCplt                      0x08008ac5   Thumb Code   180  stm32g4xx_hal_uart.o(i.UART_DMAReceiveCplt)
    i.UART_DMARxHalfCplt                     0x08008b78   Section        0  stm32g4xx_hal_uart.o(i.UART_DMARxHalfCplt)
    UART_DMARxHalfCplt                       0x08008b79   Thumb Code    38  stm32g4xx_hal_uart.o(i.UART_DMARxHalfCplt)
    i.UART_DMATransmitCplt                   0x08008b9e   Section        0  stm32g4xx_hal_uart.o(i.UART_DMATransmitCplt)
    UART_DMATransmitCplt                     0x08008b9f   Thumb Code    86  stm32g4xx_hal_uart.o(i.UART_DMATransmitCplt)
    i.UART_DMATxHalfCplt                     0x08008bf4   Section        0  stm32g4xx_hal_uart.o(i.UART_DMATxHalfCplt)
    UART_DMATxHalfCplt                       0x08008bf5   Thumb Code    14  stm32g4xx_hal_uart.o(i.UART_DMATxHalfCplt)
    i.UART_EndRxTransfer                     0x08008c04   Section        0  stm32g4xx_hal_uart.o(i.UART_EndRxTransfer)
    UART_EndRxTransfer                       0x08008c05   Thumb Code   104  stm32g4xx_hal_uart.o(i.UART_EndRxTransfer)
    i.UART_EndTransmit_IT                    0x08008c70   Section        0  stm32g4xx_hal_uart.o(i.UART_EndTransmit_IT)
    UART_EndTransmit_IT                      0x08008c71   Thumb Code    48  stm32g4xx_hal_uart.o(i.UART_EndTransmit_IT)
    i.UART_EndTxTransfer                     0x08008ca0   Section        0  stm32g4xx_hal_uart.o(i.UART_EndTxTransfer)
    UART_EndTxTransfer                       0x08008ca1   Thumb Code    64  stm32g4xx_hal_uart.o(i.UART_EndTxTransfer)
    i.UART_SetConfig                         0x08008ce0   Section        0  stm32g4xx_hal_uart.o(i.UART_SetConfig)
    i.UART_Start_Receive_DMA                 0x08009064   Section        0  stm32g4xx_hal_uart.o(i.UART_Start_Receive_DMA)
    i.UART_WaitOnFlagUntilTimeout            0x0800912c   Section        0  stm32g4xx_hal_uart.o(i.UART_WaitOnFlagUntilTimeout)
    i.USART1_IRQHandler                      0x080091d8   Section        0  stm32g4xx_it.o(i.USART1_IRQHandler)
    i.UsageFault_Handler                     0x08009230   Section        0  stm32g4xx_it.o(i.UsageFault_Handler)
    i.__NVIC_GetPriorityGrouping             0x08009234   Section        0  stm32g4xx_hal_cortex.o(i.__NVIC_GetPriorityGrouping)
    __NVIC_GetPriorityGrouping               0x08009235   Thumb Code    10  stm32g4xx_hal_cortex.o(i.__NVIC_GetPriorityGrouping)
    i.__NVIC_SetPriority                     0x08009244   Section        0  stm32g4xx_hal_cortex.o(i.__NVIC_SetPriority)
    __NVIC_SetPriority                       0x08009245   Thumb Code    32  stm32g4xx_hal_cortex.o(i.__NVIC_SetPriority)
    i.__hardfp_fabs                          0x0800926c   Section        0  fabs.o(i.__hardfp_fabs)
    i.__hardfp_fmod                          0x08009280   Section        0  fmod.o(i.__hardfp_fmod)
    i.__mathlib_dbl_invalid                  0x08009388   Section        0  dunder.o(i.__mathlib_dbl_invalid)
    i.__scatterload_copy                     0x080093a8   Section       14  handlers.o(i.__scatterload_copy)
    i.__scatterload_null                     0x080093b6   Section        2  handlers.o(i.__scatterload_null)
    i.__scatterload_zeroinit                 0x080093b8   Section       14  handlers.o(i.__scatterload_zeroinit)
    i.__set_errno                            0x080093c8   Section        0  errno.o(i.__set_errno)
    i.cordic_config                          0x080093d4   Section        0  my_cordic.o(i.cordic_config)
    i.main                                   0x08009404   Section        0  main.o(i.main)
    .constdata                               0x0800944c   Section       76  filter.o(.constdata)
    .constdata                               0x08009498   Section       16  stm32g4xx_hal_fdcan.o(.constdata)
    DLCtoBytes                               0x08009498   Data          16  stm32g4xx_hal_fdcan.o(.constdata)
    .constdata                               0x080094a8   Section       24  stm32g4xx_hal_uart.o(.constdata)
    .constdata                               0x080094c0   Section       16  stm32g4xx_hal_uart_ex.o(.constdata)
    numerator                                0x080094c0   Data           8  stm32g4xx_hal_uart_ex.o(.constdata)
    denominator                              0x080094c8   Data           8  stm32g4xx_hal_uart_ex.o(.constdata)
    .constdata                               0x080094d0   Section       24  system_stm32g4xx.o(.constdata)
    .data                                    0x20000000   Section        8  main.o(.data)
    .data                                    0x20000008   Section        4  start.o(.data)
    .data                                    0x2000000c   Section       16  motor.o(.data)
    last_speed_set                           0x20000014   Data           4  motor.o(.data)
    last_angle_set                           0x20000018   Data           4  motor.o(.data)
    .data                                    0x2000001c   Section       16  filter.o(.data)
    .data                                    0x2000002c   Section       48  my_can.o(.data)
    i                                        0x2000005a   Data           2  my_can.o(.data)
    .data                                    0x2000005c   Section       12  stm32g4xx_hal.o(.data)
    .data                                    0x20000068   Section        4  system_stm32g4xx.o(.data)
    .data                                    0x2000006c   Section        4  errno.o(.data)
    _errno                                   0x2000006c   Data           4  errno.o(.data)
    .bss                                     0x20000070   Section      516  main.o(.bss)
    .bss                                     0x20000274   Section      108  adc.o(.bss)
    .bss                                     0x200002e0   Section       40  cordic.o(.bss)
    .bss                                     0x20000308   Section      100  fdcan.o(.bss)
    .bss                                     0x2000036c   Section      100  spi.o(.bss)
    .bss                                     0x200003d0   Section      152  tim.o(.bss)
    .bss                                     0x20000468   Section      340  usart.o(.bss)
    .bss                                     0x200005bc   Section      100  start.o(.bss)
    .bss                                     0x20000620   Section       28  my_cordic.o(.bss)
    .bss                                     0x2000063c   Section      352  filter.o(.bss)
    .bss                                     0x2000079c   Section     1000  my_can.o(.bss)
    STACK                                    0x20000b88   Section    24576  startup_stm32g431xx.o(STACK)

    Global Symbols

    Symbol Name                              Value     Ov Type        Size  Object(Section)

    BuildAttributes$$THM_ISAv4$E$P$D$K$B$S$7EM$VFPi3$EXTD16$VFPS$VFMA$PE$A:L22UL41UL21$X:L11$S22US41US21$IEEE1$IW$USESV6$~STKCKD$USESV7$~SHL$OTIME$ROPI$IEEEX$EBA8$MICROLIB$REQ8$PRES8$EABIv2 0x00000000   Number         0  anon$$obj.o ABSOLUTE
    __ARM_use_no_argv                        0x00000000   Number         0  main.o ABSOLUTE
    __cpp_initialize__aeabi_                  - Undefined Weak Reference
    __cxa_finalize                            - Undefined Weak Reference
    __decompress                              - Undefined Weak Reference
    _clock_init                               - Undefined Weak Reference
    _microlib_exit                            - Undefined Weak Reference
    __Vectors_Size                           0x000001d8   Number         0  startup_stm32g431xx.o ABSOLUTE
    __Vectors                                0x08000000   Data           4  startup_stm32g431xx.o(RESET)
    __Vectors_End                            0x080001d8   Data           0  startup_stm32g431xx.o(RESET)
    __main                                   0x080001d9   Thumb Code     0  entry.o(.ARM.Collect$$$$00000000)
    _main_stk                                0x080001d9   Thumb Code     0  entry2.o(.ARM.Collect$$$$00000001)
    _main_scatterload                        0x080001dd   Thumb Code     0  entry5.o(.ARM.Collect$$$$00000004)
    __main_after_scatterload                 0x080001e1   Thumb Code     0  entry5.o(.ARM.Collect$$$$00000004)
    _main_clock                              0x080001e1   Thumb Code     0  entry7b.o(.ARM.Collect$$$$00000008)
    _main_cpp_init                           0x080001e1   Thumb Code     0  entry8b.o(.ARM.Collect$$$$0000000A)
    _main_init                               0x080001e1   Thumb Code     0  entry9a.o(.ARM.Collect$$$$0000000B)
    __rt_final_cpp                           0x080001e9   Thumb Code     0  entry10a.o(.ARM.Collect$$$$0000000D)
    __rt_final_exit                          0x080001e9   Thumb Code     0  entry11a.o(.ARM.Collect$$$$0000000F)
    Reset_Handler                            0x080001ed   Thumb Code     8  startup_stm32g431xx.o(.text)
    COMP1_2_3_IRQHandler                     0x08000207   Thumb Code     0  startup_stm32g431xx.o(.text)
    COMP4_IRQHandler                         0x08000207   Thumb Code     0  startup_stm32g431xx.o(.text)
    CORDIC_IRQHandler                        0x08000207   Thumb Code     0  startup_stm32g431xx.o(.text)
    CRS_IRQHandler                           0x08000207   Thumb Code     0  startup_stm32g431xx.o(.text)
    DMA1_Channel3_IRQHandler                 0x08000207   Thumb Code     0  startup_stm32g431xx.o(.text)
    DMA1_Channel4_IRQHandler                 0x08000207   Thumb Code     0  startup_stm32g431xx.o(.text)
    DMA1_Channel5_IRQHandler                 0x08000207   Thumb Code     0  startup_stm32g431xx.o(.text)
    DMA1_Channel6_IRQHandler                 0x08000207   Thumb Code     0  startup_stm32g431xx.o(.text)
    DMA2_Channel1_IRQHandler                 0x08000207   Thumb Code     0  startup_stm32g431xx.o(.text)
    DMA2_Channel2_IRQHandler                 0x08000207   Thumb Code     0  startup_stm32g431xx.o(.text)
    DMA2_Channel3_IRQHandler                 0x08000207   Thumb Code     0  startup_stm32g431xx.o(.text)
    DMA2_Channel4_IRQHandler                 0x08000207   Thumb Code     0  startup_stm32g431xx.o(.text)
    DMA2_Channel5_IRQHandler                 0x08000207   Thumb Code     0  startup_stm32g431xx.o(.text)
    DMA2_Channel6_IRQHandler                 0x08000207   Thumb Code     0  startup_stm32g431xx.o(.text)
    DMAMUX_OVR_IRQHandler                    0x08000207   Thumb Code     0  startup_stm32g431xx.o(.text)
    EXTI0_IRQHandler                         0x08000207   Thumb Code     0  startup_stm32g431xx.o(.text)
    EXTI15_10_IRQHandler                     0x08000207   Thumb Code     0  startup_stm32g431xx.o(.text)
    EXTI1_IRQHandler                         0x08000207   Thumb Code     0  startup_stm32g431xx.o(.text)
    EXTI2_IRQHandler                         0x08000207   Thumb Code     0  startup_stm32g431xx.o(.text)
    EXTI3_IRQHandler                         0x08000207   Thumb Code     0  startup_stm32g431xx.o(.text)
    EXTI4_IRQHandler                         0x08000207   Thumb Code     0  startup_stm32g431xx.o(.text)
    EXTI9_5_IRQHandler                       0x08000207   Thumb Code     0  startup_stm32g431xx.o(.text)
    FDCAN1_IT1_IRQHandler                    0x08000207   Thumb Code     0  startup_stm32g431xx.o(.text)
    FLASH_IRQHandler                         0x08000207   Thumb Code     0  startup_stm32g431xx.o(.text)
    FMAC_IRQHandler                          0x08000207   Thumb Code     0  startup_stm32g431xx.o(.text)
    FPU_IRQHandler                           0x08000207   Thumb Code     0  startup_stm32g431xx.o(.text)
    I2C1_ER_IRQHandler                       0x08000207   Thumb Code     0  startup_stm32g431xx.o(.text)
    I2C1_EV_IRQHandler                       0x08000207   Thumb Code     0  startup_stm32g431xx.o(.text)
    I2C2_ER_IRQHandler                       0x08000207   Thumb Code     0  startup_stm32g431xx.o(.text)
    I2C2_EV_IRQHandler                       0x08000207   Thumb Code     0  startup_stm32g431xx.o(.text)
    I2C3_ER_IRQHandler                       0x08000207   Thumb Code     0  startup_stm32g431xx.o(.text)
    I2C3_EV_IRQHandler                       0x08000207   Thumb Code     0  startup_stm32g431xx.o(.text)
    LPTIM1_IRQHandler                        0x08000207   Thumb Code     0  startup_stm32g431xx.o(.text)
    LPUART1_IRQHandler                       0x08000207   Thumb Code     0  startup_stm32g431xx.o(.text)
    PVD_PVM_IRQHandler                       0x08000207   Thumb Code     0  startup_stm32g431xx.o(.text)
    RCC_IRQHandler                           0x08000207   Thumb Code     0  startup_stm32g431xx.o(.text)
    RNG_IRQHandler                           0x08000207   Thumb Code     0  startup_stm32g431xx.o(.text)
    RTC_Alarm_IRQHandler                     0x08000207   Thumb Code     0  startup_stm32g431xx.o(.text)
    RTC_TAMP_LSECSS_IRQHandler               0x08000207   Thumb Code     0  startup_stm32g431xx.o(.text)
    RTC_WKUP_IRQHandler                      0x08000207   Thumb Code     0  startup_stm32g431xx.o(.text)
    SAI1_IRQHandler                          0x08000207   Thumb Code     0  startup_stm32g431xx.o(.text)
    SPI1_IRQHandler                          0x08000207   Thumb Code     0  startup_stm32g431xx.o(.text)
    SPI2_IRQHandler                          0x08000207   Thumb Code     0  startup_stm32g431xx.o(.text)
    SPI3_IRQHandler                          0x08000207   Thumb Code     0  startup_stm32g431xx.o(.text)
    TIM1_BRK_TIM15_IRQHandler                0x08000207   Thumb Code     0  startup_stm32g431xx.o(.text)
    TIM1_CC_IRQHandler                       0x08000207   Thumb Code     0  startup_stm32g431xx.o(.text)
    TIM1_TRG_COM_TIM17_IRQHandler            0x08000207   Thumb Code     0  startup_stm32g431xx.o(.text)
    TIM1_UP_TIM16_IRQHandler                 0x08000207   Thumb Code     0  startup_stm32g431xx.o(.text)
    TIM2_IRQHandler                          0x08000207   Thumb Code     0  startup_stm32g431xx.o(.text)
    TIM3_IRQHandler                          0x08000207   Thumb Code     0  startup_stm32g431xx.o(.text)
    TIM4_IRQHandler                          0x08000207   Thumb Code     0  startup_stm32g431xx.o(.text)
    TIM6_DAC_IRQHandler                      0x08000207   Thumb Code     0  startup_stm32g431xx.o(.text)
    TIM8_BRK_IRQHandler                      0x08000207   Thumb Code     0  startup_stm32g431xx.o(.text)
    TIM8_CC_IRQHandler                       0x08000207   Thumb Code     0  startup_stm32g431xx.o(.text)
    TIM8_TRG_COM_IRQHandler                  0x08000207   Thumb Code     0  startup_stm32g431xx.o(.text)
    TIM8_UP_IRQHandler                       0x08000207   Thumb Code     0  startup_stm32g431xx.o(.text)
    UART4_IRQHandler                         0x08000207   Thumb Code     0  startup_stm32g431xx.o(.text)
    UCPD1_IRQHandler                         0x08000207   Thumb Code     0  startup_stm32g431xx.o(.text)
    USART2_IRQHandler                        0x08000207   Thumb Code     0  startup_stm32g431xx.o(.text)
    USART3_IRQHandler                        0x08000207   Thumb Code     0  startup_stm32g431xx.o(.text)
    USBWakeUp_IRQHandler                     0x08000207   Thumb Code     0  startup_stm32g431xx.o(.text)
    USB_HP_IRQHandler                        0x08000207   Thumb Code     0  startup_stm32g431xx.o(.text)
    USB_LP_IRQHandler                        0x08000207   Thumb Code     0  startup_stm32g431xx.o(.text)
    WWDG_IRQHandler                          0x08000207   Thumb Code     0  startup_stm32g431xx.o(.text)
    __aeabi_uldivmod                         0x08000211   Thumb Code    98  uldiv.o(.text)
    __aeabi_memset                           0x08000273   Thumb Code    14  memseta.o(.text)
    __aeabi_memset4                          0x08000273   Thumb Code     0  memseta.o(.text)
    __aeabi_memset8                          0x08000273   Thumb Code     0  memseta.o(.text)
    __aeabi_memclr                           0x08000281   Thumb Code     4  memseta.o(.text)
    __aeabi_memclr4                          0x08000281   Thumb Code     0  memseta.o(.text)
    __aeabi_memclr8                          0x08000281   Thumb Code     0  memseta.o(.text)
    _memset$wrapper                          0x08000285   Thumb Code    18  memseta.o(.text)
    __aeabi_f2d                              0x08000297   Thumb Code    38  f2d.o(.text)
    __aeabi_cdrcmple                         0x080002bd   Thumb Code    48  cdrcmple.o(.text)
    __aeabi_d2f                              0x080002ed   Thumb Code    56  d2f.o(.text)
    __aeabi_llsl                             0x08000325   Thumb Code    30  llshl.o(.text)
    _ll_shift_l                              0x08000325   Thumb Code     0  llshl.o(.text)
    __aeabi_llsr                             0x08000343   Thumb Code    32  llushr.o(.text)
    _ll_ushift_r                             0x08000343   Thumb Code     0  llushr.o(.text)
    __I$use$fp                               0x08000363   Thumb Code     0  iusefp.o(.text)
    _float_round                             0x08000363   Thumb Code    18  fepilogue.o(.text)
    _float_epilogue                          0x08000375   Thumb Code    92  fepilogue.o(.text)
    __aeabi_dadd                             0x080003d1   Thumb Code   322  dadd.o(.text)
    __aeabi_dsub                             0x08000513   Thumb Code     6  dadd.o(.text)
    __aeabi_drsub                            0x08000519   Thumb Code     6  dadd.o(.text)
    _drem                                    0x0800051f   Thumb Code   134  drem.o(.text)
    __scatterload                            0x080005a5   Thumb Code    28  init.o(.text)
    __scatterload_rt2                        0x080005a5   Thumb Code     0  init.o(.text)
    __aeabi_lasr                             0x080005c9   Thumb Code    36  llsshr.o(.text)
    _ll_sshift_r                             0x080005c9   Thumb Code     0  llsshr.o(.text)
    _double_round                            0x080005ed   Thumb Code    30  depilogue.o(.text)
    _double_epilogue                         0x0800060b   Thumb Code   156  depilogue.o(.text)
    __aeabi_ddiv                             0x080006a7   Thumb Code   222  ddiv.o(.text)
    arm_fir_f32                              0x08000785   Thumb Code  1196  arm_fir_f32.o(.text.arm_fir_f32)
    arm_fir_init_f32                         0x08000c31   Thumb Code    32  arm_fir_init_f32.o(.text.arm_fir_init_f32)
    ADC1_2_IRQHandler                        0x08000c51   Thumb Code    10  stm32g4xx_it.o(i.ADC1_2_IRQHandler)
    ADC_Disable                              0x08000c61   Thumb Code   142  stm32g4xx_hal_adc.o(i.ADC_Disable)
    ADC_Enable                               0x08000cf5   Thumb Code   182  stm32g4xx_hal_adc.o(i.ADC_Enable)
    Adc_Task                                 0x08000dbd   Thumb Code   722  motor.o(i.Adc_Task)
    Angle_Limit                              0x080010bd   Thumb Code    42  motor.o(i.Angle_Limit)
    BusFault_Handler                         0x080010e7   Thumb Code     4  stm32g4xx_it.o(i.BusFault_Handler)
    CANFD_Init_Config                        0x080010ed   Thumb Code    78  my_can.o(i.CANFD_Init_Config)
    CANFD_ReceiveDate                        0x0800114d   Thumb Code   140  my_can.o(i.CANFD_ReceiveDate)
    CANFD_Send                               0x080011ed   Thumb Code    94  my_can.o(i.CANFD_Send)
    CAN_State                                0x08001259   Thumb Code   702  my_can.o(i.CAN_State)
    Calculate_Float_Sin_Cos                  0x08001561   Thumb Code    98  my_cordic.o(i.Calculate_Float_Sin_Cos)
    Clark_Park                               0x080015d5   Thumb Code   126  foc.o(i.Clark_Park)
    Coridc_Angle                             0x08001659   Thumb Code    58  motor.o(i.Coridc_Angle)
    DMA1_Channel1_IRQHandler                 0x080016a1   Thumb Code    10  stm32g4xx_it.o(i.DMA1_Channel1_IRQHandler)
    DMA1_Channel2_IRQHandler                 0x080016b1   Thumb Code    10  stm32g4xx_it.o(i.DMA1_Channel2_IRQHandler)
    Data_Init                                0x08001769   Thumb Code   840  motor.o(i.Data_Init)
    DebugMon_Handler                         0x08001afd   Thumb Code     2  stm32g4xx_it.o(i.DebugMon_Handler)
    ElectAngle_Limit                         0x08001b01   Thumb Code   106  foc.o(i.ElectAngle_Limit)
    Enable_IT                                0x08001b79   Thumb Code   178  start.o(i.Enable_IT)
    Encoder_Task                             0x08001c45   Thumb Code   690  motor.o(i.Encoder_Task)
    Error_Handler                            0x08001f29   Thumb Code     6  main.o(i.Error_Handler)
    FDCAN1_IT0_IRQHandler                    0x08001f31   Thumb Code    10  stm32g4xx_it.o(i.FDCAN1_IT0_IRQHandler)
    FIR_DSP_Init                             0x08002079   Thumb Code    24  filter.o(i.FIR_DSP_Init)
    Filter_DSP_Fir                           0x080020a5   Thumb Code    28  filter.o(i.Filter_DSP_Fir)
    HAL_ADCEx_Calibration_Start              0x080020c5   Thumb Code   166  stm32g4xx_hal_adc_ex.o(i.HAL_ADCEx_Calibration_Start)
    HAL_ADCEx_EndOfSamplingCallback          0x08002175   Thumb Code     2  stm32g4xx_hal_adc_ex.o(i.HAL_ADCEx_EndOfSamplingCallback)
    HAL_ADCEx_InjectedConfigChannel          0x08002179   Thumb Code  1540  stm32g4xx_hal_adc_ex.o(i.HAL_ADCEx_InjectedConfigChannel)
    HAL_ADCEx_InjectedConvCpltCallback       0x080027a5   Thumb Code    44  stm32g4xx_it.o(i.HAL_ADCEx_InjectedConvCpltCallback)
    HAL_ADCEx_InjectedQueueOverflowCallback  0x080027d5   Thumb Code     2  stm32g4xx_hal_adc_ex.o(i.HAL_ADCEx_InjectedQueueOverflowCallback)
    HAL_ADCEx_InjectedStart                  0x080027d9   Thumb Code   254  stm32g4xx_hal_adc_ex.o(i.HAL_ADCEx_InjectedStart)
    HAL_ADCEx_LevelOutOfWindow2Callback      0x080028e1   Thumb Code     2  stm32g4xx_hal_adc_ex.o(i.HAL_ADCEx_LevelOutOfWindow2Callback)
    HAL_ADCEx_LevelOutOfWindow3Callback      0x080028e3   Thumb Code     2  stm32g4xx_hal_adc_ex.o(i.HAL_ADCEx_LevelOutOfWindow3Callback)
    HAL_ADCEx_MultiModeConfigChannel         0x080028e5   Thumb Code   260  stm32g4xx_hal_adc_ex.o(i.HAL_ADCEx_MultiModeConfigChannel)
    HAL_ADC_ConvCpltCallback                 0x080029f1   Thumb Code     2  stm32g4xx_hal_adc.o(i.HAL_ADC_ConvCpltCallback)
    HAL_ADC_ErrorCallback                    0x080029f3   Thumb Code     2  stm32g4xx_hal_adc.o(i.HAL_ADC_ErrorCallback)
    HAL_ADC_IRQHandler                       0x080029f5   Thumb Code   808  stm32g4xx_hal_adc.o(i.HAL_ADC_IRQHandler)
    HAL_ADC_Init                             0x08002d25   Thumb Code   576  stm32g4xx_hal_adc.o(i.HAL_ADC_Init)
    HAL_ADC_LevelOutOfWindowCallback         0x08002f81   Thumb Code     2  stm32g4xx_hal_adc.o(i.HAL_ADC_LevelOutOfWindowCallback)
    HAL_ADC_MspInit                          0x08002f85   Thumb Code   148  adc.o(i.HAL_ADC_MspInit)
    HAL_CORDIC_Configure                     0x0800301d   Thumb Code    68  stm32g4xx_hal_cordic.o(i.HAL_CORDIC_Configure)
    HAL_CORDIC_Init                          0x08003065   Thumb Code    52  stm32g4xx_hal_cordic.o(i.HAL_CORDIC_Init)
    HAL_CORDIC_MspInit                       0x08003099   Thumb Code    40  cordic.o(i.HAL_CORDIC_MspInit)
    HAL_DMA_Abort                            0x080030c9   Thumb Code   118  stm32g4xx_hal_dma.o(i.HAL_DMA_Abort)
    HAL_DMA_Abort_IT                         0x0800313f   Thumb Code   148  stm32g4xx_hal_dma.o(i.HAL_DMA_Abort_IT)
    HAL_DMA_GetError                         0x080031d3   Thumb Code     6  stm32g4xx_hal_dma.o(i.HAL_DMA_GetError)
    HAL_DMA_IRQHandler                       0x080031d9   Thumb Code   254  stm32g4xx_hal_dma.o(i.HAL_DMA_IRQHandler)
    HAL_DMA_Init                             0x080032d9   Thumb Code   200  stm32g4xx_hal_dma.o(i.HAL_DMA_Init)
    HAL_DMA_Start_IT                         0x080033a9   Thumb Code   194  stm32g4xx_hal_dma.o(i.HAL_DMA_Start_IT)
    HAL_Delay                                0x0800346d   Thumb Code    36  stm32g4xx_hal.o(i.HAL_Delay)
    HAL_FDCAN_ActivateNotification           0x08003495   Thumb Code   290  stm32g4xx_hal_fdcan.o(i.HAL_FDCAN_ActivateNotification)
    HAL_FDCAN_AddMessageToTxFifoQ            0x080035b7   Thumb Code   106  stm32g4xx_hal_fdcan.o(i.HAL_FDCAN_AddMessageToTxFifoQ)
    HAL_FDCAN_ConfigFilter                   0x08003621   Thumb Code   100  stm32g4xx_hal_fdcan.o(i.HAL_FDCAN_ConfigFilter)
    HAL_FDCAN_ConfigGlobalFilter             0x08003685   Thumb Code    60  stm32g4xx_hal_fdcan.o(i.HAL_FDCAN_ConfigGlobalFilter)
    HAL_FDCAN_ErrorCallback                  0x080036c1   Thumb Code     2  stm32g4xx_hal_fdcan.o(i.HAL_FDCAN_ErrorCallback)
    HAL_FDCAN_ErrorStatusCallback            0x080036c3   Thumb Code     2  stm32g4xx_hal_fdcan.o(i.HAL_FDCAN_ErrorStatusCallback)
    HAL_FDCAN_GetRxMessage                   0x080036c5   Thumb Code   332  stm32g4xx_hal_fdcan.o(i.HAL_FDCAN_GetRxMessage)
    HAL_FDCAN_HighPriorityMessageCallback    0x08003815   Thumb Code     2  stm32g4xx_hal_fdcan.o(i.HAL_FDCAN_HighPriorityMessageCallback)
    HAL_FDCAN_IRQHandler                     0x08003817   Thumb Code   424  stm32g4xx_hal_fdcan.o(i.HAL_FDCAN_IRQHandler)
    HAL_FDCAN_Init                           0x080039c1   Thumb Code   526  stm32g4xx_hal_fdcan.o(i.HAL_FDCAN_Init)
    HAL_FDCAN_MspInit                        0x08003bd9   Thumb Code   152  fdcan.o(i.HAL_FDCAN_MspInit)
    HAL_FDCAN_RxFifo0Callback                0x08003c79   Thumb Code    54  my_can.o(i.HAL_FDCAN_RxFifo0Callback)
    HAL_FDCAN_RxFifo1Callback                0x08003cb9   Thumb Code     2  stm32g4xx_hal_fdcan.o(i.HAL_FDCAN_RxFifo1Callback)
    HAL_FDCAN_Start                          0x08003cbb   Thumb Code    46  stm32g4xx_hal_fdcan.o(i.HAL_FDCAN_Start)
    HAL_FDCAN_TimeoutOccurredCallback        0x08003ce9   Thumb Code     2  stm32g4xx_hal_fdcan.o(i.HAL_FDCAN_TimeoutOccurredCallback)
    HAL_FDCAN_TimestampWraparoundCallback    0x08003ceb   Thumb Code     2  stm32g4xx_hal_fdcan.o(i.HAL_FDCAN_TimestampWraparoundCallback)
    HAL_FDCAN_TxBufferAbortCallback          0x08003ced   Thumb Code     2  stm32g4xx_hal_fdcan.o(i.HAL_FDCAN_TxBufferAbortCallback)
    HAL_FDCAN_TxBufferCompleteCallback       0x08003cef   Thumb Code     2  stm32g4xx_hal_fdcan.o(i.HAL_FDCAN_TxBufferCompleteCallback)
    HAL_FDCAN_TxEventFifoCallback            0x08003cf1   Thumb Code     2  stm32g4xx_hal_fdcan.o(i.HAL_FDCAN_TxEventFifoCallback)
    HAL_FDCAN_TxFifoEmptyCallback            0x08003cf3   Thumb Code     2  stm32g4xx_hal_fdcan.o(i.HAL_FDCAN_TxFifoEmptyCallback)
    HAL_GPIO_Init                            0x08003cf5   Thumb Code   428  stm32g4xx_hal_gpio.o(i.HAL_GPIO_Init)
    HAL_GPIO_WritePin                        0x08003ec1   Thumb Code    10  stm32g4xx_hal_gpio.o(i.HAL_GPIO_WritePin)
    HAL_GetTick                              0x08003ecd   Thumb Code     6  stm32g4xx_hal.o(i.HAL_GetTick)
    HAL_IncTick                              0x08003ed9   Thumb Code    16  stm32g4xx_hal.o(i.HAL_IncTick)
    HAL_Init                                 0x08003ef1   Thumb Code    30  stm32g4xx_hal.o(i.HAL_Init)
    HAL_InitTick                             0x08003f11   Thumb Code    74  stm32g4xx_hal.o(i.HAL_InitTick)
    HAL_MspInit                              0x08003f69   Thumb Code    62  stm32g4xx_hal_msp.o(i.HAL_MspInit)
    HAL_NVIC_EnableIRQ                       0x08003fad   Thumb Code    40  stm32g4xx_hal_cortex.o(i.HAL_NVIC_EnableIRQ)
    HAL_NVIC_SetPriority                     0x08003fd5   Thumb Code   122  stm32g4xx_hal_cortex.o(i.HAL_NVIC_SetPriority)
    HAL_NVIC_SetPriorityGrouping             0x08004051   Thumb Code    32  stm32g4xx_hal_cortex.o(i.HAL_NVIC_SetPriorityGrouping)
    HAL_PWREx_ControlVoltageScaling          0x08004079   Thumb Code   268  stm32g4xx_hal_pwr_ex.o(i.HAL_PWREx_ControlVoltageScaling)
    HAL_PWREx_DisableUCPDDeadBattery         0x08004191   Thumb Code    14  stm32g4xx_hal_pwr_ex.o(i.HAL_PWREx_DisableUCPDDeadBattery)
    HAL_RCCEx_PeriphCLKConfig                0x080041a5   Thumb Code   872  stm32g4xx_hal_rcc_ex.o(i.HAL_RCCEx_PeriphCLKConfig)
    HAL_RCC_ClockConfig                      0x08004515   Thumb Code   522  stm32g4xx_hal_rcc.o(i.HAL_RCC_ClockConfig)
    HAL_RCC_GetHCLKFreq                      0x08004739   Thumb Code     6  stm32g4xx_hal_rcc.o(i.HAL_RCC_GetHCLKFreq)
    HAL_RCC_GetPCLK1Freq                     0x08004745   Thumb Code    26  stm32g4xx_hal_rcc.o(i.HAL_RCC_GetPCLK1Freq)
    HAL_RCC_GetPCLK2Freq                     0x08004769   Thumb Code    26  stm32g4xx_hal_rcc.o(i.HAL_RCC_GetPCLK2Freq)
    HAL_RCC_GetSysClockFreq                  0x0800478d   Thumb Code   138  stm32g4xx_hal_rcc.o(i.HAL_RCC_GetSysClockFreq)
    HAL_RCC_OscConfig                        0x08004825   Thumb Code  1360  stm32g4xx_hal_rcc.o(i.HAL_RCC_OscConfig)
    HAL_SPI_Init                             0x08004d81   Thumb Code   252  stm32g4xx_hal_spi.o(i.HAL_SPI_Init)
    HAL_SPI_MspInit                          0x08004e7d   Thumb Code   138  spi.o(i.HAL_SPI_MspInit)
    HAL_SPI_TransmitReceive                  0x08004f11   Thumb Code   722  stm32g4xx_hal_spi.o(i.HAL_SPI_TransmitReceive)
    HAL_SYSTICK_Config                       0x080051e3   Thumb Code    52  stm32g4xx_hal_cortex.o(i.HAL_SYSTICK_Config)
    HAL_TIMEx_Break2Callback                 0x08005217   Thumb Code     2  stm32g4xx_hal_tim_ex.o(i.HAL_TIMEx_Break2Callback)
    HAL_TIMEx_BreakCallback                  0x08005219   Thumb Code     2  stm32g4xx_hal_tim_ex.o(i.HAL_TIMEx_BreakCallback)
    HAL_TIMEx_CommutCallback                 0x0800521b   Thumb Code     2  stm32g4xx_hal_tim_ex.o(i.HAL_TIMEx_CommutCallback)
    HAL_TIMEx_ConfigBreakDeadTime            0x0800521d   Thumb Code   192  stm32g4xx_hal_tim_ex.o(i.HAL_TIMEx_ConfigBreakDeadTime)
    HAL_TIMEx_DirectionChangeCallback        0x080052e5   Thumb Code     2  stm32g4xx_hal_tim_ex.o(i.HAL_TIMEx_DirectionChangeCallback)
    HAL_TIMEx_EncoderIndexCallback           0x080052e7   Thumb Code     2  stm32g4xx_hal_tim_ex.o(i.HAL_TIMEx_EncoderIndexCallback)
    HAL_TIMEx_IndexErrorCallback             0x080052e9   Thumb Code     2  stm32g4xx_hal_tim_ex.o(i.HAL_TIMEx_IndexErrorCallback)
    HAL_TIMEx_MasterConfigSynchronization    0x080052ed   Thumb Code   158  stm32g4xx_hal_tim_ex.o(i.HAL_TIMEx_MasterConfigSynchronization)
    HAL_TIMEx_PWMN_Start                     0x080053a5   Thumb Code   206  stm32g4xx_hal_tim_ex.o(i.HAL_TIMEx_PWMN_Start)
    HAL_TIMEx_TransitionErrorCallback        0x0800548d   Thumb Code     2  stm32g4xx_hal_tim_ex.o(i.HAL_TIMEx_TransitionErrorCallback)
    HAL_TIM_Base_Init                        0x0800548f   Thumb Code   110  stm32g4xx_hal_tim.o(i.HAL_TIM_Base_Init)
    HAL_TIM_Base_MspInit                     0x080054fd   Thumb Code    94  tim.o(i.HAL_TIM_Base_MspInit)
    HAL_TIM_Base_Start                       0x08005569   Thumb Code   118  stm32g4xx_hal_tim.o(i.HAL_TIM_Base_Start)
    HAL_TIM_Base_Start_IT                    0x080055f9   Thumb Code   130  stm32g4xx_hal_tim.o(i.HAL_TIM_Base_Start_IT)
    HAL_TIM_ConfigClockSource                0x08005695   Thumb Code   300  stm32g4xx_hal_tim.o(i.HAL_TIM_ConfigClockSource)
    HAL_TIM_IC_CaptureCallback               0x080057c9   Thumb Code     2  stm32g4xx_hal_tim.o(i.HAL_TIM_IC_CaptureCallback)
    HAL_TIM_IRQHandler                       0x080057cb   Thumb Code   544  stm32g4xx_hal_tim.o(i.HAL_TIM_IRQHandler)
    HAL_TIM_MspPostInit                      0x080059ed   Thumb Code   172  tim.o(i.HAL_TIM_MspPostInit)
    HAL_TIM_OC_DelayElapsedCallback          0x08005aa5   Thumb Code     2  stm32g4xx_hal_tim.o(i.HAL_TIM_OC_DelayElapsedCallback)
    HAL_TIM_PWM_ConfigChannel                0x08005aa7   Thumb Code   368  stm32g4xx_hal_tim.o(i.HAL_TIM_PWM_ConfigChannel)
    HAL_TIM_PWM_Init                         0x08005c17   Thumb Code   110  stm32g4xx_hal_tim.o(i.HAL_TIM_PWM_Init)
    HAL_TIM_PWM_MspInit                      0x08005c85   Thumb Code     2  stm32g4xx_hal_tim.o(i.HAL_TIM_PWM_MspInit)
    HAL_TIM_PWM_PulseFinishedCallback        0x08005c87   Thumb Code     2  stm32g4xx_hal_tim.o(i.HAL_TIM_PWM_PulseFinishedCallback)
    HAL_TIM_PWM_Start                        0x08005c89   Thumb Code   298  stm32g4xx_hal_tim.o(i.HAL_TIM_PWM_Start)
    HAL_TIM_PeriodElapsedCallback            0x08005dd5   Thumb Code   330  my_can.o(i.HAL_TIM_PeriodElapsedCallback)
    HAL_TIM_TriggerCallback                  0x08005f5d   Thumb Code     2  stm32g4xx_hal_tim.o(i.HAL_TIM_TriggerCallback)
    HAL_UARTEx_DisableFifoMode               0x08005f5f   Thumb Code    78  stm32g4xx_hal_uart_ex.o(i.HAL_UARTEx_DisableFifoMode)
    HAL_UARTEx_RxEventCallback               0x08005fad   Thumb Code     2  stm32g4xx_hal_uart.o(i.HAL_UARTEx_RxEventCallback)
    HAL_UARTEx_RxFifoFullCallback            0x08005faf   Thumb Code     2  stm32g4xx_hal_uart_ex.o(i.HAL_UARTEx_RxFifoFullCallback)
    HAL_UARTEx_SetRxFifoThreshold            0x08005fb1   Thumb Code    94  stm32g4xx_hal_uart_ex.o(i.HAL_UARTEx_SetRxFifoThreshold)
    HAL_UARTEx_SetTxFifoThreshold            0x0800600f   Thumb Code    94  stm32g4xx_hal_uart_ex.o(i.HAL_UARTEx_SetTxFifoThreshold)
    HAL_UARTEx_TxFifoEmptyCallback           0x0800606d   Thumb Code     2  stm32g4xx_hal_uart_ex.o(i.HAL_UARTEx_TxFifoEmptyCallback)
    HAL_UARTEx_WakeupCallback                0x0800606f   Thumb Code     2  stm32g4xx_hal_uart_ex.o(i.HAL_UARTEx_WakeupCallback)
    HAL_UART_DMAStop                         0x08006071   Thumb Code   190  stm32g4xx_hal_uart.o(i.HAL_UART_DMAStop)
    HAL_UART_ErrorCallback                   0x0800612f   Thumb Code     2  stm32g4xx_hal_uart.o(i.HAL_UART_ErrorCallback)
    HAL_UART_IRQHandler                      0x08006131   Thumb Code   920  stm32g4xx_hal_uart.o(i.HAL_UART_IRQHandler)
    HAL_UART_Init                            0x080064d5   Thumb Code   120  stm32g4xx_hal_uart.o(i.HAL_UART_Init)
    HAL_UART_MspInit                         0x0800654d   Thumb Code   260  usart.o(i.HAL_UART_MspInit)
    HAL_UART_Receive_DMA                     0x08006669   Thumb Code    88  stm32g4xx_hal_uart.o(i.HAL_UART_Receive_DMA)
    HAL_UART_RxCpltCallback                  0x080066c5   Thumb Code     2  stm32g4xx_hal_uart.o(i.HAL_UART_RxCpltCallback)
    HAL_UART_RxHalfCpltCallback              0x080066c7   Thumb Code     2  stm32g4xx_hal_uart.o(i.HAL_UART_RxHalfCpltCallback)
    HAL_UART_Transmit_DMA                    0x080066c9   Thumb Code   148  stm32g4xx_hal_uart.o(i.HAL_UART_Transmit_DMA)
    HAL_UART_TxCpltCallback                  0x08006769   Thumb Code     2  stm32g4xx_hal_uart.o(i.HAL_UART_TxCpltCallback)
    HAL_UART_TxHalfCpltCallback              0x0800676b   Thumb Code     2  stm32g4xx_hal_uart.o(i.HAL_UART_TxHalfCpltCallback)
    HardFault_Handler                        0x0800676d   Thumb Code     4  stm32g4xx_it.o(i.HardFault_Handler)
    MT6701_ReadRaw                           0x080068b1   Thumb Code    26  mt6701.o(i.MT6701_ReadRaw)
    MX_ADC1_Init                             0x080068cd   Thumb Code   250  adc.o(i.MX_ADC1_Init)
    MX_CORDIC_Init                           0x080069dd   Thumb Code    22  cordic.o(i.MX_CORDIC_Init)
    MX_DMA_Init                              0x080069fd   Thumb Code    90  dma.o(i.MX_DMA_Init)
    MX_FDCAN1_Init                           0x08006a5d   Thumb Code    84  fdcan.o(i.MX_FDCAN1_Init)
    MX_GPIO_Init                             0x08006ab9   Thumb Code   196  gpio.o(i.MX_GPIO_Init)
    MX_SPI1_Init                             0x08006b85   Thumb Code    72  spi.o(i.MX_SPI1_Init)
    MX_TIM1_Init                             0x08006bd5   Thumb Code   306  tim.o(i.MX_TIM1_Init)
    MX_TIM7_Init                             0x08006d11   Thumb Code    66  tim.o(i.MX_TIM7_Init)
    MX_USART1_UART_Init                      0x08006d5d   Thumb Code    98  usart.o(i.MX_USART1_UART_Init)
    MemManage_Handler                        0x08006dc9   Thumb Code     4  stm32g4xx_it.o(i.MemManage_Handler)
    Mode_Task                                0x08006dcd   Thumb Code   818  motor.o(i.Mode_Task)
    Motor_Seletct                            0x08007141   Thumb Code  1316  motor.o(i.Motor_Seletct)
    My_Task                                  0x0800767d   Thumb Code    54  motor.o(i.My_Task)
    NMI_Handler                              0x080076cd   Thumb Code     4  stm32g4xx_it.o(i.NMI_Handler)
    PID_I_Control                            0x080076d1   Thumb Code   634  pid.o(i.PID_I_Control)
    PID_Position_Control                     0x0800794d   Thumb Code   378  pid.o(i.PID_Position_Control)
    PID_Speed_Control                        0x08007add   Thumb Code   472  pid.o(i.PID_Speed_Control)
    PendSV_Handler                           0x08007cc1   Thumb Code     2  stm32g4xx_it.o(i.PendSV_Handler)
    Planner_Position_Init                    0x08007cc3   Thumb Code    18  pid.o(i.Planner_Position_Init)
    Planner_Position_Update                  0x08007cd5   Thumb Code   132  pid.o(i.Planner_Position_Update)
    Planner_Speed_Init                       0x08007d69   Thumb Code    18  pid.o(i.Planner_Speed_Init)
    Planner_Speed_Update                     0x08007d7d   Thumb Code   158  pid.o(i.Planner_Speed_Update)
    SVC_Handler                              0x080080bd   Thumb Code     2  stm32g4xx_it.o(i.SVC_Handler)
    SVPWM_Zero                               0x080080c1   Thumb Code   370  foc.o(i.SVPWM_Zero)
    SysTick_Handler                          0x08008245   Thumb Code     8  stm32g4xx_it.o(i.SysTick_Handler)
    SystemClock_Config                       0x0800824d   Thumb Code   108  main.o(i.SystemClock_Config)
    SystemInit                               0x080082b9   Thumb Code    14  system_stm32g4xx.o(i.SystemInit)
    TIM7_IRQHandler                          0x080082cd   Thumb Code    10  stm32g4xx_it.o(i.TIM7_IRQHandler)
    TIM_Base_SetConfig                       0x080082dd   Thumb Code   174  stm32g4xx_hal_tim.o(i.TIM_Base_SetConfig)
    TIM_CCxChannelCmd                        0x080083a9   Thumb Code    34  stm32g4xx_hal_tim.o(i.TIM_CCxChannelCmd)
    TIM_ETR_SetConfig                        0x080083ed   Thumb Code    22  stm32g4xx_hal_tim.o(i.TIM_ETR_SetConfig)
    TIM_OC2_SetConfig                        0x080084c9   Thumb Code   156  stm32g4xx_hal_tim.o(i.TIM_OC2_SetConfig)
    UART_AdvFeatureConfig                    0x0800886d   Thumb Code   248  stm32g4xx_hal_uart.o(i.UART_AdvFeatureConfig)
    UART_CheckIdleState                      0x08008965   Thumb Code   234  stm32g4xx_hal_uart.o(i.UART_CheckIdleState)
    UART_SetConfig                           0x08008ce1   Thumb Code   858  stm32g4xx_hal_uart.o(i.UART_SetConfig)
    UART_Start_Receive_DMA                   0x08009065   Thumb Code   186  stm32g4xx_hal_uart.o(i.UART_Start_Receive_DMA)
    UART_WaitOnFlagUntilTimeout              0x0800912d   Thumb Code   172  stm32g4xx_hal_uart.o(i.UART_WaitOnFlagUntilTimeout)
    USART1_IRQHandler                        0x080091d9   Thumb Code    72  stm32g4xx_it.o(i.USART1_IRQHandler)
    UsageFault_Handler                       0x08009231   Thumb Code     4  stm32g4xx_it.o(i.UsageFault_Handler)
    __hardfp_fabs                            0x0800926d   Thumb Code    20  fabs.o(i.__hardfp_fabs)
    __hardfp_fmod                            0x08009281   Thumb Code   254  fmod.o(i.__hardfp_fmod)
    __mathlib_dbl_invalid                    0x08009389   Thumb Code    24  dunder.o(i.__mathlib_dbl_invalid)
    __scatterload_copy                       0x080093a9   Thumb Code    14  handlers.o(i.__scatterload_copy)
    __scatterload_null                       0x080093b7   Thumb Code     2  handlers.o(i.__scatterload_null)
    __scatterload_zeroinit                   0x080093b9   Thumb Code    14  handlers.o(i.__scatterload_zeroinit)
    __set_errno                              0x080093c9   Thumb Code     6  errno.o(i.__set_errno)
    cordic_config                            0x080093d5   Thumb Code    38  my_cordic.o(i.cordic_config)
    main                                     0x08009405   Thumb Code    68  main.o(i.main)
    fir_pCoeffs                              0x0800944c   Data          76  filter.o(.constdata)
    UARTPrescTable                           0x080094a8   Data          24  stm32g4xx_hal_uart.o(.constdata)
    AHBPrescTable                            0x080094d0   Data          16  system_stm32g4xx.o(.constdata)
    APBPrescTable                            0x080094e0   Data           8  system_stm32g4xx.o(.constdata)
    Region$$Table$$Base                      0x080094e8   Number         0  anon$$obj.o(Region$$Table)
    Region$$Table$$Limit                     0x08009508   Number         0  anon$$obj.o(Region$$Table)
    ADC1InjectDate                           0x20000000   Data           8  main.o(.data)
    rx_len                                   0x20000008   Data           1  start.o(.data)
    raw                                      0x2000000a   Data           2  start.o(.data)
    theta                                    0x2000000c   Data           4  motor.o(.data)
    Iwidth                                   0x20000010   Data           4  motor.o(.data)
    FIR_InputBufer                           0x2000001c   Data           4  filter.o(.data)
    FIR_OutputBufer                          0x20000020   Data           4  filter.o(.data)
    fir_numTaps                              0x20000024   Data           2  filter.o(.data)
    fir_blockSize                            0x20000028   Data           4  filter.o(.data)
    CANFD_TxData                             0x2000002c   Data           8  my_can.o(.data)
    CANFD_RxData                             0x20000034   Data           8  my_can.o(.data)
    Motor_Can_ID                             0x2000003c   Data           6  my_can.o(.data)
    six_direction                            0x20000042   Data           6  my_can.o(.data)
    Line_Planning_nums                       0x20000048   Data           2  my_can.o(.data)
    Last_Line_Planning_nums                  0x2000004a   Data           2  my_can.o(.data)
    now_nums                                 0x2000004c   Data           2  my_can.o(.data)
    Line_Planning_Flag                       0x20000050   Data           4  my_can.o(.data)
    Line_Planning_One_Time                   0x20000054   Data           2  my_can.o(.data)
    erro_flag                                0x20000056   Data           1  my_can.o(.data)
    cnt                                      0x20000058   Data           2  my_can.o(.data)
    uwTick                                   0x2000005c   Data           4  stm32g4xx_hal.o(.data)
    uwTickPrio                               0x20000060   Data           4  stm32g4xx_hal.o(.data)
    uwTickFreq                               0x20000064   Data           4  stm32g4xx_hal.o(.data)
    SystemCoreClock                          0x20000068   Data           4  system_stm32g4xx.o(.data)
    Fir_Output                               0x20000070   Data          16  main.o(.bss)
    adcvalue                                 0x20000080   Data          60  main.o(.bss)
    allflag                                  0x200000bc   Data          10  main.o(.bss)
    encoder_str                              0x200000c8   Data          80  main.o(.bss)
    svpwm_str                                0x20000118   Data          92  main.o(.bss)
    pid_m1                                   0x20000174   Data         204  main.o(.bss)
    CanFD_Message                            0x20000240   Data          28  main.o(.bss)
    motor_factor                             0x2000025c   Data          24  main.o(.bss)
    hadc1                                    0x20000274   Data         108  adc.o(.bss)
    hcordic                                  0x200002e0   Data          40  cordic.o(.bss)
    hfdcan1                                  0x20000308   Data         100  fdcan.o(.bss)
    hspi1                                    0x2000036c   Data         100  spi.o(.bss)
    htim1                                    0x200003d0   Data          76  tim.o(.bss)
    htim7                                    0x2000041c   Data          76  tim.o(.bss)
    huart1                                   0x20000468   Data         148  usart.o(.bss)
    hdma_usart1_tx                           0x200004fc   Data          96  usart.o(.bss)
    hdma_usart1_rx                           0x2000055c   Data          96  usart.o(.bss)
    rx_buffer                                0x200005bc   Data         100  start.o(.bss)
    sCordicConfig                            0x20000620   Data          28  my_cordic.o(.bss)
    fir_Ia                                   0x2000063c   Data          12  filter.o(.bss)
    fir_Ib                                   0x20000648   Data          12  filter.o(.bss)
    fir_Ic                                   0x20000654   Data          12  filter.o(.bss)
    fir_Speed                                0x20000660   Data          12  filter.o(.bss)
    fir_pStateIa                             0x2000066c   Data          76  filter.o(.bss)
    fir_pStateIb                             0x200006b8   Data          76  filter.o(.bss)
    fir_pStateIc                             0x20000704   Data          76  filter.o(.bss)
    fir_pStateSpeed                          0x20000750   Data          76  filter.o(.bss)
    TxHeader                                 0x2000079c   Data          36  my_can.o(.bss)
    RxHeader                                 0x200007c0   Data          40  my_can.o(.bss)
    sFilter                                  0x200007e8   Data          24  my_can.o(.bss)
    Line_Planning_All_Points                 0x20000800   Data         600  my_can.o(.bss)
    Line_Planning_All_Speed                  0x20000a58   Data         300  my_can.o(.bss)
    __initial_sp                             0x20006b88   Data           0  startup_stm32g431xx.o(STACK)



==============================================================================

Memory Map of the image

  Image Entry point : 0x080001d9

  Load Region LR_IROM1 (Base: 0x08000000, Size: 0x00009578, Max: 0x00020000, ABSOLUTE)

    Execution Region ER_IROM1 (Exec base: 0x08000000, Load base: 0x08000000, Size: 0x00009508, Max: 0x00020000, ABSOLUTE)

    Exec Addr    Load Addr    Size         Type   Attr      Idx    E Section Name        Object

    0x08000000   0x08000000   0x000001d8   Data   RO            3    RESET               startup_stm32g431xx.o
    0x080001d8   0x080001d8   0x00000000   Code   RO         6036  * .ARM.Collect$$$$00000000  mc_w.l(entry.o)
    0x080001d8   0x080001d8   0x00000004   Code   RO         6063    .ARM.Collect$$$$00000001  mc_w.l(entry2.o)
    0x080001dc   0x080001dc   0x00000004   Code   RO         6066    .ARM.Collect$$$$00000004  mc_w.l(entry5.o)
    0x080001e0   0x080001e0   0x00000000   Code   RO         6068    .ARM.Collect$$$$00000008  mc_w.l(entry7b.o)
    0x080001e0   0x080001e0   0x00000000   Code   RO         6070    .ARM.Collect$$$$0000000A  mc_w.l(entry8b.o)
    0x080001e0   0x080001e0   0x00000008   Code   RO         6071    .ARM.Collect$$$$0000000B  mc_w.l(entry9a.o)
    0x080001e8   0x080001e8   0x00000000   Code   RO         6073    .ARM.Collect$$$$0000000D  mc_w.l(entry10a.o)
    0x080001e8   0x080001e8   0x00000000   Code   RO         6075    .ARM.Collect$$$$0000000F  mc_w.l(entry11a.o)
    0x080001e8   0x080001e8   0x00000004   Code   RO         6064    .ARM.Collect$$$$00002712  mc_w.l(entry2.o)
    0x080001ec   0x080001ec   0x00000024   Code   RO            4    .text               startup_stm32g431xx.o
    0x08000210   0x08000210   0x00000062   Code   RO         6039    .text               mc_w.l(uldiv.o)
    0x08000272   0x08000272   0x00000024   Code   RO         6041    .text               mc_w.l(memseta.o)
    0x08000296   0x08000296   0x00000026   Code   RO         6043    .text               mf_w.l(f2d.o)
    0x080002bc   0x080002bc   0x00000030   Code   RO         6045    .text               mf_w.l(cdrcmple.o)
    0x080002ec   0x080002ec   0x00000038   Code   RO         6047    .text               mf_w.l(d2f.o)
    0x08000324   0x08000324   0x0000001e   Code   RO         6077    .text               mc_w.l(llshl.o)
    0x08000342   0x08000342   0x00000020   Code   RO         6079    .text               mc_w.l(llushr.o)
    0x08000362   0x08000362   0x00000000   Code   RO         6088    .text               mc_w.l(iusefp.o)
    0x08000362   0x08000362   0x0000006e   Code   RO         6089    .text               mf_w.l(fepilogue.o)
    0x080003d0   0x080003d0   0x0000014e   Code   RO         6091    .text               mf_w.l(dadd.o)
    0x0800051e   0x0800051e   0x00000086   Code   RO         6093    .text               mf_w.l(drem.o)
    0x080005a4   0x080005a4   0x00000024   Code   RO         6095    .text               mc_w.l(init.o)
    0x080005c8   0x080005c8   0x00000024   Code   RO         6097    .text               mc_w.l(llsshr.o)
    0x080005ec   0x080005ec   0x000000ba   Code   RO         6099    .text               mf_w.l(depilogue.o)
    0x080006a6   0x080006a6   0x000000de   Code   RO         6103    .text               mf_w.l(ddiv.o)
    0x08000784   0x08000784   0x000004ac   Code   RO         5863    .text.arm_fir_f32   arm_cortexM4lf_math.lib(arm_fir_f32.o)
    0x08000c30   0x08000c30   0x00000020   Code   RO         5872    .text.arm_fir_init_f32  arm_cortexM4lf_math.lib(arm_fir_init_f32.o)
    0x08000c50   0x08000c50   0x00000010   Code   RO          577    i.ADC1_2_IRQHandler  stm32g4xx_it.o
    0x08000c60   0x08000c60   0x00000094   Code   RO         1172    i.ADC_Disable       stm32g4xx_hal_adc.o
    0x08000cf4   0x08000cf4   0x000000c8   Code   RO         1173    i.ADC_Enable        stm32g4xx_hal_adc.o
    0x08000dbc   0x08000dbc   0x00000300   Code   RO          949    i.Adc_Task          motor.o
    0x080010bc   0x080010bc   0x0000002a   Code   RO          950    i.Angle_Limit       motor.o
    0x080010e6   0x080010e6   0x00000004   Code   RO          578    i.BusFault_Handler  stm32g4xx_it.o
    0x080010ea   0x080010ea   0x00000002   PAD
    0x080010ec   0x080010ec   0x00000060   Code   RO         1106    i.CANFD_Init_Config  my_can.o
    0x0800114c   0x0800114c   0x000000a0   Code   RO         1107    i.CANFD_ReceiveDate  my_can.o
    0x080011ec   0x080011ec   0x0000006c   Code   RO         1108    i.CANFD_Send        my_can.o
    0x08001258   0x08001258   0x00000308   Code   RO         1109    i.CAN_State         my_can.o
    0x08001560   0x08001560   0x00000074   Code   RO         1026    i.Calculate_Float_Sin_Cos  my_cordic.o
    0x080015d4   0x080015d4   0x00000084   Code   RO          764    i.Clark_Park        foc.o
    0x08001658   0x08001658   0x00000048   Code   RO          951    i.Coridc_Angle      motor.o
    0x080016a0   0x080016a0   0x00000010   Code   RO          579    i.DMA1_Channel1_IRQHandler  stm32g4xx_it.o
    0x080016b0   0x080016b0   0x00000010   Code   RO          580    i.DMA1_Channel2_IRQHandler  stm32g4xx_it.o
    0x080016c0   0x080016c0   0x00000044   Code   RO         2591    i.DMA_CalcDMAMUXChannelBaseAndMask  stm32g4xx_hal_dma.o
    0x08001704   0x08001704   0x00000024   Code   RO         2592    i.DMA_CalcDMAMUXRequestGenBaseAndMask  stm32g4xx_hal_dma.o
    0x08001728   0x08001728   0x00000040   Code   RO         2593    i.DMA_SetConfig     stm32g4xx_hal_dma.o
    0x08001768   0x08001768   0x00000394   Code   RO          952    i.Data_Init         motor.o
    0x08001afc   0x08001afc   0x00000002   Code   RO          581    i.DebugMon_Handler  stm32g4xx_it.o
    0x08001afe   0x08001afe   0x00000002   PAD
    0x08001b00   0x08001b00   0x00000078   Code   RO          765    i.ElectAngle_Limit  foc.o
    0x08001b78   0x08001b78   0x000000cc   Code   RO          732    i.Enable_IT         start.o
    0x08001c44   0x08001c44   0x000002e4   Code   RO          953    i.Encoder_Task      motor.o
    0x08001f28   0x08001f28   0x00000006   Code   RO           13    i.Error_Handler     main.o
    0x08001f2e   0x08001f2e   0x00000002   PAD
    0x08001f30   0x08001f30   0x00000010   Code   RO          582    i.FDCAN1_IT0_IRQHandler  stm32g4xx_it.o
    0x08001f40   0x08001f40   0x0000006c   Code   RO         3365    i.FDCAN_CalcultateRamBlockAddresses  stm32g4xx_hal_fdcan.o
    0x08001fac   0x08001fac   0x000000cc   Code   RO         3366    i.FDCAN_CopyMessageToRAM  stm32g4xx_hal_fdcan.o
    0x08002078   0x08002078   0x0000002c   Code   RO         1067    i.FIR_DSP_Init      filter.o
    0x080020a4   0x080020a4   0x00000020   Code   RO         1068    i.Filter_DSP_Fir    filter.o
    0x080020c4   0x080020c4   0x000000b0   Code   RO         1446    i.HAL_ADCEx_Calibration_Start  stm32g4xx_hal_adc_ex.o
    0x08002174   0x08002174   0x00000002   Code   RO         1450    i.HAL_ADCEx_EndOfSamplingCallback  stm32g4xx_hal_adc_ex.o
    0x08002176   0x08002176   0x00000002   PAD
    0x08002178   0x08002178   0x0000062c   Code   RO         1452    i.HAL_ADCEx_InjectedConfigChannel  stm32g4xx_hal_adc_ex.o
    0x080027a4   0x080027a4   0x00000030   Code   RO          583    i.HAL_ADCEx_InjectedConvCpltCallback  stm32g4xx_it.o
    0x080027d4   0x080027d4   0x00000002   Code   RO         1456    i.HAL_ADCEx_InjectedQueueOverflowCallback  stm32g4xx_hal_adc_ex.o
    0x080027d6   0x080027d6   0x00000002   PAD
    0x080027d8   0x080027d8   0x00000108   Code   RO         1457    i.HAL_ADCEx_InjectedStart  stm32g4xx_hal_adc_ex.o
    0x080028e0   0x080028e0   0x00000002   Code   RO         1461    i.HAL_ADCEx_LevelOutOfWindow2Callback  stm32g4xx_hal_adc_ex.o
    0x080028e2   0x080028e2   0x00000002   Code   RO         1462    i.HAL_ADCEx_LevelOutOfWindow3Callback  stm32g4xx_hal_adc_ex.o
    0x080028e4   0x080028e4   0x0000010c   Code   RO         1463    i.HAL_ADCEx_MultiModeConfigChannel  stm32g4xx_hal_adc_ex.o
    0x080029f0   0x080029f0   0x00000002   Code   RO         1176    i.HAL_ADC_ConvCpltCallback  stm32g4xx_hal_adc.o
    0x080029f2   0x080029f2   0x00000002   Code   RO         1179    i.HAL_ADC_ErrorCallback  stm32g4xx_hal_adc.o
    0x080029f4   0x080029f4   0x00000330   Code   RO         1183    i.HAL_ADC_IRQHandler  stm32g4xx_hal_adc.o
    0x08002d24   0x08002d24   0x0000025c   Code   RO         1184    i.HAL_ADC_Init      stm32g4xx_hal_adc.o
    0x08002f80   0x08002f80   0x00000002   Code   RO         1185    i.HAL_ADC_LevelOutOfWindowCallback  stm32g4xx_hal_adc.o
    0x08002f82   0x08002f82   0x00000002   PAD
    0x08002f84   0x08002f84   0x00000098   Code   RO          278    i.HAL_ADC_MspInit   adc.o
    0x0800301c   0x0800301c   0x00000048   Code   RO         3248    i.HAL_CORDIC_Configure  stm32g4xx_hal_cordic.o
    0x08003064   0x08003064   0x00000034   Code   RO         3254    i.HAL_CORDIC_Init   stm32g4xx_hal_cordic.o
    0x08003098   0x08003098   0x00000030   Code   RO          320    i.HAL_CORDIC_MspInit  cordic.o
    0x080030c8   0x080030c8   0x00000076   Code   RO         2594    i.HAL_DMA_Abort     stm32g4xx_hal_dma.o
    0x0800313e   0x0800313e   0x00000094   Code   RO         2595    i.HAL_DMA_Abort_IT  stm32g4xx_hal_dma.o
    0x080031d2   0x080031d2   0x00000006   Code   RO         2597    i.HAL_DMA_GetError  stm32g4xx_hal_dma.o
    0x080031d8   0x080031d8   0x000000fe   Code   RO         2599    i.HAL_DMA_IRQHandler  stm32g4xx_hal_dma.o
    0x080032d6   0x080032d6   0x00000002   PAD
    0x080032d8   0x080032d8   0x000000d0   Code   RO         2600    i.HAL_DMA_Init      stm32g4xx_hal_dma.o
    0x080033a8   0x080033a8   0x000000c2   Code   RO         2604    i.HAL_DMA_Start_IT  stm32g4xx_hal_dma.o
    0x0800346a   0x0800346a   0x00000002   PAD
    0x0800346c   0x0800346c   0x00000028   Code   RO         1687    i.HAL_Delay         stm32g4xx_hal.o
    0x08003494   0x08003494   0x00000122   Code   RO         3368    i.HAL_FDCAN_ActivateNotification  stm32g4xx_hal_fdcan.o
    0x080035b6   0x080035b6   0x0000006a   Code   RO         3369    i.HAL_FDCAN_AddMessageToTxFifoQ  stm32g4xx_hal_fdcan.o
    0x08003620   0x08003620   0x00000064   Code   RO         3371    i.HAL_FDCAN_ConfigFilter  stm32g4xx_hal_fdcan.o
    0x08003684   0x08003684   0x0000003c   Code   RO         3372    i.HAL_FDCAN_ConfigGlobalFilter  stm32g4xx_hal_fdcan.o
    0x080036c0   0x080036c0   0x00000002   Code   RO         3392    i.HAL_FDCAN_ErrorCallback  stm32g4xx_hal_fdcan.o
    0x080036c2   0x080036c2   0x00000002   Code   RO         3393    i.HAL_FDCAN_ErrorStatusCallback  stm32g4xx_hal_fdcan.o
    0x080036c4   0x080036c4   0x00000150   Code   RO         3402    i.HAL_FDCAN_GetRxMessage  stm32g4xx_hal_fdcan.o
    0x08003814   0x08003814   0x00000002   Code   RO         3408    i.HAL_FDCAN_HighPriorityMessageCallback  stm32g4xx_hal_fdcan.o
    0x08003816   0x08003816   0x000001a8   Code   RO         3409    i.HAL_FDCAN_IRQHandler  stm32g4xx_hal_fdcan.o
    0x080039be   0x080039be   0x00000002   PAD
    0x080039c0   0x080039c0   0x00000218   Code   RO         3410    i.HAL_FDCAN_Init    stm32g4xx_hal_fdcan.o
    0x08003bd8   0x08003bd8   0x000000a0   Code   RO          386    i.HAL_FDCAN_MspInit  fdcan.o
    0x08003c78   0x08003c78   0x00000040   Code   RO         1110    i.HAL_FDCAN_RxFifo0Callback  my_can.o
    0x08003cb8   0x08003cb8   0x00000002   Code   RO         3418    i.HAL_FDCAN_RxFifo1Callback  stm32g4xx_hal_fdcan.o
    0x08003cba   0x08003cba   0x0000002e   Code   RO         3419    i.HAL_FDCAN_Start   stm32g4xx_hal_fdcan.o
    0x08003ce8   0x08003ce8   0x00000002   Code   RO         3421    i.HAL_FDCAN_TimeoutOccurredCallback  stm32g4xx_hal_fdcan.o
    0x08003cea   0x08003cea   0x00000002   Code   RO         3422    i.HAL_FDCAN_TimestampWraparoundCallback  stm32g4xx_hal_fdcan.o
    0x08003cec   0x08003cec   0x00000002   Code   RO         3423    i.HAL_FDCAN_TxBufferAbortCallback  stm32g4xx_hal_fdcan.o
    0x08003cee   0x08003cee   0x00000002   Code   RO         3424    i.HAL_FDCAN_TxBufferCompleteCallback  stm32g4xx_hal_fdcan.o
    0x08003cf0   0x08003cf0   0x00000002   Code   RO         3425    i.HAL_FDCAN_TxEventFifoCallback  stm32g4xx_hal_fdcan.o
    0x08003cf2   0x08003cf2   0x00000002   Code   RO         3426    i.HAL_FDCAN_TxFifoEmptyCallback  stm32g4xx_hal_fdcan.o
    0x08003cf4   0x08003cf4   0x000001cc   Code   RO         2456    i.HAL_GPIO_Init     stm32g4xx_hal_gpio.o
    0x08003ec0   0x08003ec0   0x0000000a   Code   RO         2460    i.HAL_GPIO_WritePin  stm32g4xx_hal_gpio.o
    0x08003eca   0x08003eca   0x00000002   PAD
    0x08003ecc   0x08003ecc   0x0000000c   Code   RO         1691    i.HAL_GetTick       stm32g4xx_hal.o
    0x08003ed8   0x08003ed8   0x00000018   Code   RO         1697    i.HAL_IncTick       stm32g4xx_hal.o
    0x08003ef0   0x08003ef0   0x0000001e   Code   RO         1698    i.HAL_Init          stm32g4xx_hal.o
    0x08003f0e   0x08003f0e   0x00000002   PAD
    0x08003f10   0x08003f10   0x00000058   Code   RO         1699    i.HAL_InitTick      stm32g4xx_hal.o
    0x08003f68   0x08003f68   0x00000044   Code   RO          708    i.HAL_MspInit       stm32g4xx_hal_msp.o
    0x08003fac   0x08003fac   0x00000028   Code   RO         3103    i.HAL_NVIC_EnableIRQ  stm32g4xx_hal_cortex.o
    0x08003fd4   0x08003fd4   0x0000007a   Code   RO         3109    i.HAL_NVIC_SetPriority  stm32g4xx_hal_cortex.o
    0x0800404e   0x0800404e   0x00000002   PAD
    0x08004050   0x08004050   0x00000028   Code   RO         3110    i.HAL_NVIC_SetPriorityGrouping  stm32g4xx_hal_cortex.o
    0x08004078   0x08004078   0x00000118   Code   RO         2859    i.HAL_PWREx_ControlVoltageScaling  stm32g4xx_hal_pwr_ex.o
    0x08004190   0x08004190   0x00000014   Code   RO         2871    i.HAL_PWREx_DisableUCPDDeadBattery  stm32g4xx_hal_pwr_ex.o
    0x080041a4   0x080041a4   0x00000370   Code   RO         2063    i.HAL_RCCEx_PeriphCLKConfig  stm32g4xx_hal_rcc_ex.o
    0x08004514   0x08004514   0x00000224   Code   RO         1933    i.HAL_RCC_ClockConfig  stm32g4xx_hal_rcc.o
    0x08004738   0x08004738   0x0000000c   Code   RO         1939    i.HAL_RCC_GetHCLKFreq  stm32g4xx_hal_rcc.o
    0x08004744   0x08004744   0x00000024   Code   RO         1941    i.HAL_RCC_GetPCLK1Freq  stm32g4xx_hal_rcc.o
    0x08004768   0x08004768   0x00000024   Code   RO         1942    i.HAL_RCC_GetPCLK2Freq  stm32g4xx_hal_rcc.o
    0x0800478c   0x0800478c   0x00000098   Code   RO         1943    i.HAL_RCC_GetSysClockFreq  stm32g4xx_hal_rcc.o
    0x08004824   0x08004824   0x0000055c   Code   RO         1946    i.HAL_RCC_OscConfig  stm32g4xx_hal_rcc.o
    0x08004d80   0x08004d80   0x000000fc   Code   RO         3766    i.HAL_SPI_Init      stm32g4xx_hal_spi.o
    0x08004e7c   0x08004e7c   0x00000094   Code   RO          428    i.HAL_SPI_MspInit   spi.o
    0x08004f10   0x08004f10   0x000002d2   Code   RO         3775    i.HAL_SPI_TransmitReceive  stm32g4xx_hal_spi.o
    0x080051e2   0x080051e2   0x00000034   Code   RO         3114    i.HAL_SYSTICK_Config  stm32g4xx_hal_cortex.o
    0x08005216   0x08005216   0x00000002   Code   RO         4833    i.HAL_TIMEx_Break2Callback  stm32g4xx_hal_tim_ex.o
    0x08005218   0x08005218   0x00000002   Code   RO         4834    i.HAL_TIMEx_BreakCallback  stm32g4xx_hal_tim_ex.o
    0x0800521a   0x0800521a   0x00000002   Code   RO         4835    i.HAL_TIMEx_CommutCallback  stm32g4xx_hal_tim_ex.o
    0x0800521c   0x0800521c   0x000000c8   Code   RO         4838    i.HAL_TIMEx_ConfigBreakDeadTime  stm32g4xx_hal_tim_ex.o
    0x080052e4   0x080052e4   0x00000002   Code   RO         4846    i.HAL_TIMEx_DirectionChangeCallback  stm32g4xx_hal_tim_ex.o
    0x080052e6   0x080052e6   0x00000002   Code   RO         4860    i.HAL_TIMEx_EncoderIndexCallback  stm32g4xx_hal_tim_ex.o
    0x080052e8   0x080052e8   0x00000002   Code   RO         4874    i.HAL_TIMEx_IndexErrorCallback  stm32g4xx_hal_tim_ex.o
    0x080052ea   0x080052ea   0x00000002   PAD
    0x080052ec   0x080052ec   0x000000b8   Code   RO         4875    i.HAL_TIMEx_MasterConfigSynchronization  stm32g4xx_hal_tim_ex.o
    0x080053a4   0x080053a4   0x000000e8   Code   RO         4887    i.HAL_TIMEx_PWMN_Start  stm32g4xx_hal_tim_ex.o
    0x0800548c   0x0800548c   0x00000002   Code   RO         4896    i.HAL_TIMEx_TransitionErrorCallback  stm32g4xx_hal_tim_ex.o
    0x0800548e   0x0800548e   0x0000006e   Code   RO         4108    i.HAL_TIM_Base_Init  stm32g4xx_hal_tim.o
    0x080054fc   0x080054fc   0x0000006c   Code   RO          470    i.HAL_TIM_Base_MspInit  tim.o
    0x08005568   0x08005568   0x00000090   Code   RO         4111    i.HAL_TIM_Base_Start  stm32g4xx_hal_tim.o
    0x080055f8   0x080055f8   0x0000009c   Code   RO         4113    i.HAL_TIM_Base_Start_IT  stm32g4xx_hal_tim.o
    0x08005694   0x08005694   0x00000134   Code   RO         4117    i.HAL_TIM_ConfigClockSource  stm32g4xx_hal_tim.o
    0x080057c8   0x080057c8   0x00000002   Code   RO         4142    i.HAL_TIM_IC_CaptureCallback  stm32g4xx_hal_tim.o
    0x080057ca   0x080057ca   0x00000220   Code   RO         4156    i.HAL_TIM_IRQHandler  stm32g4xx_hal_tim.o
    0x080059ea   0x080059ea   0x00000002   PAD
    0x080059ec   0x080059ec   0x000000b8   Code   RO          471    i.HAL_TIM_MspPostInit  tim.o
    0x08005aa4   0x08005aa4   0x00000002   Code   RO         4159    i.HAL_TIM_OC_DelayElapsedCallback  stm32g4xx_hal_tim.o
    0x08005aa6   0x08005aa6   0x00000170   Code   RO         4180    i.HAL_TIM_PWM_ConfigChannel  stm32g4xx_hal_tim.o
    0x08005c16   0x08005c16   0x0000006e   Code   RO         4183    i.HAL_TIM_PWM_Init  stm32g4xx_hal_tim.o
    0x08005c84   0x08005c84   0x00000002   Code   RO         4185    i.HAL_TIM_PWM_MspInit  stm32g4xx_hal_tim.o
    0x08005c86   0x08005c86   0x00000002   Code   RO         4186    i.HAL_TIM_PWM_PulseFinishedCallback  stm32g4xx_hal_tim.o
    0x08005c88   0x08005c88   0x0000014c   Code   RO         4188    i.HAL_TIM_PWM_Start  stm32g4xx_hal_tim.o
    0x08005dd4   0x08005dd4   0x00000188   Code   RO         1111    i.HAL_TIM_PeriodElapsedCallback  my_can.o
    0x08005f5c   0x08005f5c   0x00000002   Code   RO         4199    i.HAL_TIM_TriggerCallback  stm32g4xx_hal_tim.o
    0x08005f5e   0x08005f5e   0x0000004e   Code   RO         5687    i.HAL_UARTEx_DisableFifoMode  stm32g4xx_hal_uart_ex.o
    0x08005fac   0x08005fac   0x00000002   Code   RO         5271    i.HAL_UARTEx_RxEventCallback  stm32g4xx_hal_uart.o
    0x08005fae   0x08005fae   0x00000002   Code   RO         5695    i.HAL_UARTEx_RxFifoFullCallback  stm32g4xx_hal_uart_ex.o
    0x08005fb0   0x08005fb0   0x0000005e   Code   RO         5696    i.HAL_UARTEx_SetRxFifoThreshold  stm32g4xx_hal_uart_ex.o
    0x0800600e   0x0800600e   0x0000005e   Code   RO         5697    i.HAL_UARTEx_SetTxFifoThreshold  stm32g4xx_hal_uart_ex.o
    0x0800606c   0x0800606c   0x00000002   Code   RO         5699    i.HAL_UARTEx_TxFifoEmptyCallback  stm32g4xx_hal_uart_ex.o
    0x0800606e   0x0800606e   0x00000002   Code   RO         5700    i.HAL_UARTEx_WakeupCallback  stm32g4xx_hal_uart_ex.o
    0x08006070   0x08006070   0x000000be   Code   RO         5283    i.HAL_UART_DMAStop  stm32g4xx_hal_uart.o
    0x0800612e   0x0800612e   0x00000002   Code   RO         5287    i.HAL_UART_ErrorCallback  stm32g4xx_hal_uart.o
    0x08006130   0x08006130   0x000003a4   Code   RO         5290    i.HAL_UART_IRQHandler  stm32g4xx_hal_uart.o
    0x080064d4   0x080064d4   0x00000078   Code   RO         5291    i.HAL_UART_Init     stm32g4xx_hal_uart.o
    0x0800654c   0x0800654c   0x0000011c   Code   RO          524    i.HAL_UART_MspInit  usart.o
    0x08006668   0x08006668   0x0000005c   Code   RO         5295    i.HAL_UART_Receive_DMA  stm32g4xx_hal_uart.o
    0x080066c4   0x080066c4   0x00000002   Code   RO         5298    i.HAL_UART_RxCpltCallback  stm32g4xx_hal_uart.o
    0x080066c6   0x080066c6   0x00000002   Code   RO         5299    i.HAL_UART_RxHalfCpltCallback  stm32g4xx_hal_uart.o
    0x080066c8   0x080066c8   0x000000a0   Code   RO         5301    i.HAL_UART_Transmit_DMA  stm32g4xx_hal_uart.o
    0x08006768   0x08006768   0x00000002   Code   RO         5303    i.HAL_UART_TxCpltCallback  stm32g4xx_hal_uart.o
    0x0800676a   0x0800676a   0x00000002   Code   RO         5304    i.HAL_UART_TxHalfCpltCallback  stm32g4xx_hal_uart.o
    0x0800676c   0x0800676c   0x00000004   Code   RO          584    i.HardFault_Handler  stm32g4xx_it.o
    0x08006770   0x08006770   0x00000010   Code   RO         1198    i.LL_ADC_Enable     stm32g4xx_hal_adc.o
    0x08006780   0x08006780   0x0000000a   Code   RO         1199    i.LL_ADC_GetMultimode  stm32g4xx_hal_adc.o
    0x0800678a   0x0800678a   0x00000012   Code   RO         1471    i.LL_ADC_GetOffsetChannel  stm32g4xx_hal_adc_ex.o
    0x0800679c   0x0800679c   0x0000000a   Code   RO         1472    i.LL_ADC_INJ_GetTrigAuto  stm32g4xx_hal_adc_ex.o
    0x080067a6   0x080067a6   0x0000000a   Code   RO         1201    i.LL_ADC_INJ_IsConversionOngoing  stm32g4xx_hal_adc.o
    0x080067b0   0x080067b0   0x0000000a   Code   RO         1473    i.LL_ADC_INJ_IsConversionOngoing  stm32g4xx_hal_adc_ex.o
    0x080067ba   0x080067ba   0x00000002   PAD
    0x080067bc   0x080067bc   0x00000014   Code   RO         1474    i.LL_ADC_INJ_StartConversion  stm32g4xx_hal_adc_ex.o
    0x080067d0   0x080067d0   0x0000000a   Code   RO         1202    i.LL_ADC_IsDisableOngoing  stm32g4xx_hal_adc.o
    0x080067da   0x080067da   0x0000000a   Code   RO         1203    i.LL_ADC_IsEnabled  stm32g4xx_hal_adc.o
    0x080067e4   0x080067e4   0x0000000a   Code   RO         1475    i.LL_ADC_IsEnabled  stm32g4xx_hal_adc_ex.o
    0x080067ee   0x080067ee   0x0000000a   Code   RO         1204    i.LL_ADC_IsInternalRegulatorEnabled  stm32g4xx_hal_adc.o
    0x080067f8   0x080067f8   0x0000000a   Code   RO         1205    i.LL_ADC_REG_IsConversionOngoing  stm32g4xx_hal_adc.o
    0x08006802   0x08006802   0x0000000a   Code   RO         1476    i.LL_ADC_REG_IsConversionOngoing  stm32g4xx_hal_adc_ex.o
    0x0800680c   0x0800680c   0x00000012   Code   RO         1206    i.LL_ADC_REG_IsTriggerSourceSWStart  stm32g4xx_hal_adc.o
    0x0800681e   0x0800681e   0x00000028   Code   RO         1477    i.LL_ADC_SetChannelSamplingTime  stm32g4xx_hal_adc_ex.o
    0x08006846   0x08006846   0x0000000c   Code   RO         1478    i.LL_ADC_SetCommonPathInternalCh  stm32g4xx_hal_adc_ex.o
    0x08006852   0x08006852   0x00000016   Code   RO         1479    i.LL_ADC_SetOffsetState  stm32g4xx_hal_adc_ex.o
    0x08006868   0x08006868   0x0000000c   Code   RO         1480    i.LL_ADC_SetSamplingTimeCommonConfig  stm32g4xx_hal_adc_ex.o
    0x08006874   0x08006874   0x0000003c   Code   RO          917    i.MT6701_Read       mt6701.o
    0x080068b0   0x080068b0   0x0000001a   Code   RO          918    i.MT6701_ReadRaw    mt6701.o
    0x080068ca   0x080068ca   0x00000002   PAD
    0x080068cc   0x080068cc   0x00000110   Code   RO          279    i.MX_ADC1_Init      adc.o
    0x080069dc   0x080069dc   0x00000020   Code   RO          321    i.MX_CORDIC_Init    cordic.o
    0x080069fc   0x080069fc   0x00000060   Code   RO          361    i.MX_DMA_Init       dma.o
    0x08006a5c   0x08006a5c   0x0000005c   Code   RO          387    i.MX_FDCAN1_Init    fdcan.o
    0x08006ab8   0x08006ab8   0x000000cc   Code   RO          253    i.MX_GPIO_Init      gpio.o
    0x08006b84   0x08006b84   0x00000050   Code   RO          429    i.MX_SPI1_Init      spi.o
    0x08006bd4   0x08006bd4   0x0000013c   Code   RO          472    i.MX_TIM1_Init      tim.o
    0x08006d10   0x08006d10   0x0000004c   Code   RO          473    i.MX_TIM7_Init      tim.o
    0x08006d5c   0x08006d5c   0x0000006c   Code   RO          525    i.MX_USART1_UART_Init  usart.o
    0x08006dc8   0x08006dc8   0x00000004   Code   RO          585    i.MemManage_Handler  stm32g4xx_it.o
    0x08006dcc   0x08006dcc   0x00000374   Code   RO          954    i.Mode_Task         motor.o
    0x08007140   0x08007140   0x0000053c   Code   RO          955    i.Motor_Seletct     motor.o
    0x0800767c   0x0800767c   0x00000050   Code   RO          956    i.My_Task           motor.o
    0x080076cc   0x080076cc   0x00000004   Code   RO          586    i.NMI_Handler       stm32g4xx_it.o
    0x080076d0   0x080076d0   0x0000027a   Code   RO          820    i.PID_I_Control     pid.o
    0x0800794a   0x0800794a   0x00000002   PAD
    0x0800794c   0x0800794c   0x00000190   Code   RO          821    i.PID_Position_Control  pid.o
    0x08007adc   0x08007adc   0x000001e4   Code   RO          822    i.PID_Speed_Control  pid.o
    0x08007cc0   0x08007cc0   0x00000002   Code   RO          587    i.PendSV_Handler    stm32g4xx_it.o
    0x08007cc2   0x08007cc2   0x00000012   Code   RO          823    i.Planner_Position_Init  pid.o
    0x08007cd4   0x08007cd4   0x00000094   Code   RO          824    i.Planner_Position_Update  pid.o
    0x08007d68   0x08007d68   0x00000012   Code   RO          825    i.Planner_Speed_Init  pid.o
    0x08007d7a   0x08007d7a   0x00000002   PAD
    0x08007d7c   0x08007d7c   0x000000a4   Code   RO          826    i.Planner_Speed_Update  pid.o
    0x08007e20   0x08007e20   0x00000068   Code   RO         1947    i.RCC_GetSysClockFreqFromPLLSource  stm32g4xx_hal_rcc.o
    0x08007e88   0x08007e88   0x00000064   Code   RO         3804    i.SPI_EndRxTxTransaction  stm32g4xx_hal_spi.o
    0x08007eec   0x08007eec   0x000000f8   Code   RO         3809    i.SPI_WaitFifoStateUntilTimeout  stm32g4xx_hal_spi.o
    0x08007fe4   0x08007fe4   0x000000d8   Code   RO         3810    i.SPI_WaitFlagStateUntilTimeout  stm32g4xx_hal_spi.o
    0x080080bc   0x080080bc   0x00000002   Code   RO          588    i.SVC_Handler       stm32g4xx_it.o
    0x080080be   0x080080be   0x00000002   PAD
    0x080080c0   0x080080c0   0x00000184   Code   RO          767    i.SVPWM_Zero        foc.o
    0x08008244   0x08008244   0x00000008   Code   RO          589    i.SysTick_Handler   stm32g4xx_it.o
    0x0800824c   0x0800824c   0x0000006c   Code   RO           14    i.SystemClock_Config  main.o
    0x080082b8   0x080082b8   0x00000014   Code   RO         5811    i.SystemInit        system_stm32g4xx.o
    0x080082cc   0x080082cc   0x00000010   Code   RO          590    i.TIM7_IRQHandler   stm32g4xx_it.o
    0x080082dc   0x080082dc   0x000000cc   Code   RO         4201    i.TIM_Base_SetConfig  stm32g4xx_hal_tim.o
    0x080083a8   0x080083a8   0x00000022   Code   RO         4202    i.TIM_CCxChannelCmd  stm32g4xx_hal_tim.o
    0x080083ca   0x080083ca   0x00000022   Code   RO         4899    i.TIM_CCxNChannelCmd  stm32g4xx_hal_tim_ex.o
    0x080083ec   0x080083ec   0x00000016   Code   RO         4212    i.TIM_ETR_SetConfig  stm32g4xx_hal_tim.o
    0x08008402   0x08008402   0x00000002   PAD
    0x08008404   0x08008404   0x00000018   Code   RO         4213    i.TIM_ITRx_SetConfig  stm32g4xx_hal_tim.o
    0x0800841c   0x0800841c   0x000000ac   Code   RO         4214    i.TIM_OC1_SetConfig  stm32g4xx_hal_tim.o
    0x080084c8   0x080084c8   0x000000b4   Code   RO         4215    i.TIM_OC2_SetConfig  stm32g4xx_hal_tim.o
    0x0800857c   0x0800857c   0x000000b4   Code   RO         4216    i.TIM_OC3_SetConfig  stm32g4xx_hal_tim.o
    0x08008630   0x08008630   0x000000b4   Code   RO         4217    i.TIM_OC4_SetConfig  stm32g4xx_hal_tim.o
    0x080086e4   0x080086e4   0x00000070   Code   RO         4218    i.TIM_OC5_SetConfig  stm32g4xx_hal_tim.o
    0x08008754   0x08008754   0x00000070   Code   RO         4219    i.TIM_OC6_SetConfig  stm32g4xx_hal_tim.o
    0x080087c4   0x080087c4   0x00000026   Code   RO         4221    i.TIM_TI1_ConfigInputStage  stm32g4xx_hal_tim.o
    0x080087ea   0x080087ea   0x00000028   Code   RO         4223    i.TIM_TI2_ConfigInputStage  stm32g4xx_hal_tim.o
    0x08008812   0x08008812   0x00000002   PAD
    0x08008814   0x08008814   0x00000058   Code   RO         5701    i.UARTEx_SetNbDataToProcess  stm32g4xx_hal_uart_ex.o
    0x0800886c   0x0800886c   0x000000f8   Code   RO         5305    i.UART_AdvFeatureConfig  stm32g4xx_hal_uart.o
    0x08008964   0x08008964   0x000000ea   Code   RO         5306    i.UART_CheckIdleState  stm32g4xx_hal_uart.o
    0x08008a4e   0x08008a4e   0x00000018   Code   RO         5307    i.UART_DMAAbortOnError  stm32g4xx_hal_uart.o
    0x08008a66   0x08008a66   0x0000005e   Code   RO         5308    i.UART_DMAError     stm32g4xx_hal_uart.o
    0x08008ac4   0x08008ac4   0x000000b4   Code   RO         5309    i.UART_DMAReceiveCplt  stm32g4xx_hal_uart.o
    0x08008b78   0x08008b78   0x00000026   Code   RO         5311    i.UART_DMARxHalfCplt  stm32g4xx_hal_uart.o
    0x08008b9e   0x08008b9e   0x00000056   Code   RO         5313    i.UART_DMATransmitCplt  stm32g4xx_hal_uart.o
    0x08008bf4   0x08008bf4   0x0000000e   Code   RO         5315    i.UART_DMATxHalfCplt  stm32g4xx_hal_uart.o
    0x08008c02   0x08008c02   0x00000002   PAD
    0x08008c04   0x08008c04   0x0000006c   Code   RO         5317    i.UART_EndRxTransfer  stm32g4xx_hal_uart.o
    0x08008c70   0x08008c70   0x00000030   Code   RO         5318    i.UART_EndTransmit_IT  stm32g4xx_hal_uart.o
    0x08008ca0   0x08008ca0   0x00000040   Code   RO         5319    i.UART_EndTxTransfer  stm32g4xx_hal_uart.o
    0x08008ce0   0x08008ce0   0x00000384   Code   RO         5324    i.UART_SetConfig    stm32g4xx_hal_uart.o
    0x08009064   0x08009064   0x000000c8   Code   RO         5325    i.UART_Start_Receive_DMA  stm32g4xx_hal_uart.o
    0x0800912c   0x0800912c   0x000000ac   Code   RO         5331    i.UART_WaitOnFlagUntilTimeout  stm32g4xx_hal_uart.o
    0x080091d8   0x080091d8   0x00000058   Code   RO          591    i.USART1_IRQHandler  stm32g4xx_it.o
    0x08009230   0x08009230   0x00000004   Code   RO          592    i.UsageFault_Handler  stm32g4xx_it.o
    0x08009234   0x08009234   0x00000010   Code   RO         3116    i.__NVIC_GetPriorityGrouping  stm32g4xx_hal_cortex.o
    0x08009244   0x08009244   0x00000028   Code   RO         3117    i.__NVIC_SetPriority  stm32g4xx_hal_cortex.o
    0x0800926c   0x0800926c   0x00000014   Code   RO         6000    i.__hardfp_fabs     m_wm.l(fabs.o)
    0x08009280   0x08009280   0x00000104   Code   RO         6012    i.__hardfp_fmod     m_wm.l(fmod.o)
    0x08009384   0x08009384   0x00000004   PAD
    0x08009388   0x08009388   0x00000020   Code   RO         6052    i.__mathlib_dbl_invalid  m_wm.l(dunder.o)
    0x080093a8   0x080093a8   0x0000000e   Code   RO         6107    i.__scatterload_copy  mc_w.l(handlers.o)
    0x080093b6   0x080093b6   0x00000002   Code   RO         6108    i.__scatterload_null  mc_w.l(handlers.o)
    0x080093b8   0x080093b8   0x0000000e   Code   RO         6109    i.__scatterload_zeroinit  mc_w.l(handlers.o)
    0x080093c6   0x080093c6   0x00000002   PAD
    0x080093c8   0x080093c8   0x0000000c   Code   RO         6083    i.__set_errno       mc_w.l(errno.o)
    0x080093d4   0x080093d4   0x00000030   Code   RO         1027    i.cordic_config     my_cordic.o
    0x08009404   0x08009404   0x00000048   Code   RO           15    i.main              main.o
    0x0800944c   0x0800944c   0x0000004c   Data   RO         1070    .constdata          filter.o
    0x08009498   0x08009498   0x00000010   Data   RO         3427    .constdata          stm32g4xx_hal_fdcan.o
    0x080094a8   0x080094a8   0x00000018   Data   RO         5332    .constdata          stm32g4xx_hal_uart.o
    0x080094c0   0x080094c0   0x00000010   Data   RO         5703    .constdata          stm32g4xx_hal_uart_ex.o
    0x080094d0   0x080094d0   0x00000018   Data   RO         5812    .constdata          system_stm32g4xx.o
    0x080094e8   0x080094e8   0x00000020   Data   RO         6105    Region$$Table       anon$$obj.o


    Execution Region RW_IRAM1 (Exec base: 0x20000000, Load base: 0x08009508, Size: 0x00006b88, Max: 0x00008000, ABSOLUTE)

    Exec Addr    Load Addr    Size         Type   Attr      Idx    E Section Name        Object

    0x20000000   0x08009508   0x00000008   Data   RW           17    .data               main.o
    0x20000008   0x08009510   0x00000004   Data   RW          734    .data               start.o
    0x2000000c   0x08009514   0x00000010   Data   RW          957    .data               motor.o
    0x2000001c   0x08009524   0x00000010   Data   RW         1071    .data               filter.o
    0x2000002c   0x08009534   0x00000030   Data   RW         1113    .data               my_can.o
    0x2000005c   0x08009564   0x0000000c   Data   RW         1718    .data               stm32g4xx_hal.o
    0x20000068   0x08009570   0x00000004   Data   RW         5813    .data               system_stm32g4xx.o
    0x2000006c   0x08009574   0x00000004   Data   RW         6084    .data               mc_w.l(errno.o)
    0x20000070        -       0x00000204   Zero   RW           16    .bss                main.o
    0x20000274        -       0x0000006c   Zero   RW          280    .bss                adc.o
    0x200002e0        -       0x00000028   Zero   RW          322    .bss                cordic.o
    0x20000308        -       0x00000064   Zero   RW          388    .bss                fdcan.o
    0x2000036c        -       0x00000064   Zero   RW          430    .bss                spi.o
    0x200003d0        -       0x00000098   Zero   RW          474    .bss                tim.o
    0x20000468        -       0x00000154   Zero   RW          528    .bss                usart.o
    0x200005bc        -       0x00000064   Zero   RW          733    .bss                start.o
    0x20000620        -       0x0000001c   Zero   RW         1028    .bss                my_cordic.o
    0x2000063c        -       0x00000160   Zero   RW         1069    .bss                filter.o
    0x2000079c        -       0x000003e8   Zero   RW         1112    .bss                my_can.o
    0x20000b84   0x08009578   0x00000004   PAD
    0x20000b88        -       0x00006000   Zero   RW            1    STACK               startup_stm32g431xx.o


==============================================================================

Image component sizes


      Code (inc. data)   RO Data    RW Data    ZI Data      Debug   Object Name

       424         26          0          0        108       1949   adc.o
        80         18          0          0         40       1524   cordic.o
        96          6          0          0          0        798   dma.o
       252         16          0          0        100       1763   fdcan.o
        76         24         76         16        352       2449   filter.o
       640         38          0          0          0      19589   foc.o
       204          8          0          0          0        971   gpio.o
       186          4          0          8        516     729815   main.o
      4842        428          0         16          0       7245   motor.o
        86          8          0          0          0       1333   mt6701.o
      1596        212          0         48       1000       6140   my_can.o
       164         28          0          0         28       1362   my_cordic.o
      1866         56          0          0          0       5750   pid.o
       228         18          0          0        100       1685   spi.o
       204         26          0          4        100       1195   start.o
        36          8        472          0      24576        832   startup_stm32g431xx.o
       194         32          0         12          0       4301   stm32g4xx_hal.o
      1868         64          0          0          0      77269   stm32g4xx_hal_adc.o
      2460         90          0          0          0      79861   stm32g4xx_hal_adc_ex.o
       124          4          0          0          0       1817   stm32g4xx_hal_cordic.o
       310         22          0          0          0      34319   stm32g4xx_hal_cortex.o
      1096         22          0          0          0       6877   stm32g4xx_hal_dma.o
      2230         26         16          0          0      18381   stm32g4xx_hal_fdcan.o
       470         32          0          0          0       2040   stm32g4xx_hal_gpio.o
        68          6          0          0          0        850   stm32g4xx_hal_msp.o
       300         18          0          0          0       1405   stm32g4xx_hal_pwr_ex.o
      2260        106          0          0          0       7220   stm32g4xx_hal_rcc.o
       880          8          0          0          0       1868   stm32g4xx_hal_rcc_ex.o
      1538         12          0          0          0       5905   stm32g4xx_hal_spi.o
      3380        288          0          0          0      19001   stm32g4xx_hal_tim.o
       664         60          0          0          0       7911   stm32g4xx_hal_tim_ex.o
      3916        108         24          0          0      39441   stm32g4xx_hal_uart.o
       360         10         16          0          0       5406   stm32g4xx_hal_uart_ex.o
       250         50          0          0          0       8614   stm32g4xx_it.o
        20          6         24          4          0       1115   system_stm32g4xx.o
       684         46          0          0        152       3257   tim.o
       392         34          0          0        340       1988   usart.o

    ----------------------------------------------------------------------
     34488       1968        660        108      27416    1113246   Object Totals
         0          0         32          0          0          0   (incl. Generated)
        44          0          0          0          4          0   (incl. Padding)

    ----------------------------------------------------------------------

      Code (inc. data)   RO Data    RW Data    ZI Data      Debug   Library Member Name

      1196          8          0          0          0       4432   arm_fir_f32.o
        32          0          0          0          0       1072   arm_fir_init_f32.o
        32          8          0          0          0        124   dunder.o
        20          0          0          0          0        124   fabs.o
       260          6          0          0          0        144   fmod.o
         0          0          0          0          0          0   entry.o
         0          0          0          0          0          0   entry10a.o
         0          0          0          0          0          0   entry11a.o
         8          4          0          0          0          0   entry2.o
         4          0          0          0          0          0   entry5.o
         0          0          0          0          0          0   entry7b.o
         0          0          0          0          0          0   entry8b.o
         8          4          0          0          0          0   entry9a.o
        12          6          0          4          0         68   errno.o
        30          0          0          0          0          0   handlers.o
        36          8          0          0          0         68   init.o
         0          0          0          0          0          0   iusefp.o
        30          0          0          0          0         68   llshl.o
        36          0          0          0          0         68   llsshr.o
        32          0          0          0          0         68   llushr.o
        36          0          0          0          0        108   memseta.o
        98          0          0          0          0         92   uldiv.o
        48          0          0          0          0         68   cdrcmple.o
        56          0          0          0          0         88   d2f.o
       334          0          0          0          0        148   dadd.o
       222          0          0          0          0        100   ddiv.o
       186          0          0          0          0        176   depilogue.o
       134          0          0          0          0         96   drem.o
        38          0          0          0          0         68   f2d.o
       110          0          0          0          0        168   fepilogue.o

    ----------------------------------------------------------------------
      3004         48          0          4          0       7348   Library Totals
         6          4          0          0          0          0   (incl. Padding)

    ----------------------------------------------------------------------

      Code (inc. data)   RO Data    RW Data    ZI Data      Debug   Library Name

      1228          8          0          0          0       5504   arm_cortexM4lf_math.lib
       312         14          0          0          0        392   m_wm.l
       330         22          0          4          0        540   mc_w.l
      1128          0          0          0          0        912   mf_w.l

    ----------------------------------------------------------------------
      3004         48          0          4          0       7348   Library Totals

    ----------------------------------------------------------------------

==============================================================================


      Code (inc. data)   RO Data    RW Data    ZI Data      Debug   

     37492       2016        660        112      27416    1098658   Grand Totals
     37492       2016        660        112      27416    1098658   ELF Image Totals
     37492       2016        660        112          0          0   ROM Totals

==============================================================================

    Total RO  Size (Code + RO Data)                38152 (  37.26kB)
    Total RW  Size (RW Data + ZI Data)             27528 (  26.88kB)
    Total ROM Size (Code + RO Data + RW Data)      38264 (  37.37kB)

==============================================================================

